Archive member included to satisfy reference by file (symbol)

../libs\libarm_cortexM4lf_math.a(arm_rfft_fast_init_f32.o)
                              Src/main.o (arm_rfft_fast_init_f32)
../libs\libarm_cortexM4lf_math.a(arm_rfft_fast_f32.o)
                              Src/main.o (arm_rfft_fast_f32)
../libs\libarm_cortexM4lf_math.a(arm_cfft_f32.o)
                              ../libs\libarm_cortexM4lf_math.a(arm_rfft_fast_f32.o) (arm_cfft_f32)
../libs\libarm_cortexM4lf_math.a(arm_common_tables.o)
                              ../libs\libarm_cortexM4lf_math.a(arm_rfft_fast_init_f32.o) (twiddleCoef_rfft_4096)
../libs\libarm_cortexM4lf_math.a(arm_bitreversal2.o)
                              ../libs\libarm_cortexM4lf_math.a(arm_cfft_f32.o) (arm_bitreversal_32)
../libs\libarm_cortexM4lf_math.a(arm_cfft_radix8_f32.o)
                              ../libs\libarm_cortexM4lf_math.a(arm_cfft_f32.o) (arm_radix8_butterfly_f32)
c:/program files/st/stm32cubeide_1.3.0/stm32cubeide/plugins/com.st.stm32cube.ide.mcu.externaltools.gnu-tools-for-stm32.7-2018-q2-update.win32_1.0.0.201904181610/tools/bin/../lib/gcc/arm-none-eabi/7.3.1/../../../../arm-none-eabi/lib/thumb/v7e-m/fpv4-sp/hard\libc_nano.a(lib_a-errno.o)
                              Src/syscalls.o (__errno)
c:/program files/st/stm32cubeide_1.3.0/stm32cubeide/plugins/com.st.stm32cube.ide.mcu.externaltools.gnu-tools-for-stm32.7-2018-q2-update.win32_1.0.0.201904181610/tools/bin/../lib/gcc/arm-none-eabi/7.3.1/../../../../arm-none-eabi/lib/thumb/v7e-m/fpv4-sp/hard\libc_nano.a(lib_a-exit.o)
                              c:/program files/st/stm32cubeide_1.3.0/stm32cubeide/plugins/com.st.stm32cube.ide.mcu.externaltools.gnu-tools-for-stm32.7-2018-q2-update.win32_1.0.0.201904181610/tools/bin/../lib/gcc/arm-none-eabi/7.3.1/../../../../arm-none-eabi/lib/thumb/v7e-m/fpv4-sp/hard/crt0.o (exit)
c:/program files/st/stm32cubeide_1.3.0/stm32cubeide/plugins/com.st.stm32cube.ide.mcu.externaltools.gnu-tools-for-stm32.7-2018-q2-update.win32_1.0.0.201904181610/tools/bin/../lib/gcc/arm-none-eabi/7.3.1/../../../../arm-none-eabi/lib/thumb/v7e-m/fpv4-sp/hard\libc_nano.a(lib_a-impure.o)
                              c:/program files/st/stm32cubeide_1.3.0/stm32cubeide/plugins/com.st.stm32cube.ide.mcu.externaltools.gnu-tools-for-stm32.7-2018-q2-update.win32_1.0.0.201904181610/tools/bin/../lib/gcc/arm-none-eabi/7.3.1/../../../../arm-none-eabi/lib/thumb/v7e-m/fpv4-sp/hard\libc_nano.a(lib_a-exit.o) (_global_impure_ptr)
c:/program files/st/stm32cubeide_1.3.0/stm32cubeide/plugins/com.st.stm32cube.ide.mcu.externaltools.gnu-tools-for-stm32.7-2018-q2-update.win32_1.0.0.201904181610/tools/bin/../lib/gcc/arm-none-eabi/7.3.1/../../../../arm-none-eabi/lib/thumb/v7e-m/fpv4-sp/hard\libc_nano.a(lib_a-init.o)
                              c:/program files/st/stm32cubeide_1.3.0/stm32cubeide/plugins/com.st.stm32cube.ide.mcu.externaltools.gnu-tools-for-stm32.7-2018-q2-update.win32_1.0.0.201904181610/tools/bin/../lib/gcc/arm-none-eabi/7.3.1/../../../../arm-none-eabi/lib/thumb/v7e-m/fpv4-sp/hard/crt0.o (__libc_init_array)
c:/program files/st/stm32cubeide_1.3.0/stm32cubeide/plugins/com.st.stm32cube.ide.mcu.externaltools.gnu-tools-for-stm32.7-2018-q2-update.win32_1.0.0.201904181610/tools/bin/../lib/gcc/arm-none-eabi/7.3.1/../../../../arm-none-eabi/lib/thumb/v7e-m/fpv4-sp/hard\libc_nano.a(lib_a-memset.o)
                              c:/program files/st/stm32cubeide_1.3.0/stm32cubeide/plugins/com.st.stm32cube.ide.mcu.externaltools.gnu-tools-for-stm32.7-2018-q2-update.win32_1.0.0.201904181610/tools/bin/../lib/gcc/arm-none-eabi/7.3.1/../../../../arm-none-eabi/lib/thumb/v7e-m/fpv4-sp/hard/crt0.o (memset)
c:/program files/st/stm32cubeide_1.3.0/stm32cubeide/plugins/com.st.stm32cube.ide.mcu.externaltools.gnu-tools-for-stm32.7-2018-q2-update.win32_1.0.0.201904181610/tools/bin/../lib/gcc/arm-none-eabi/7.3.1/../../../../arm-none-eabi/lib/thumb/v7e-m/fpv4-sp/hard\libm.a(lib_a-wf_log10.o)
                              Src/main.o (log10f)
c:/program files/st/stm32cubeide_1.3.0/stm32cubeide/plugins/com.st.stm32cube.ide.mcu.externaltools.gnu-tools-for-stm32.7-2018-q2-update.win32_1.0.0.201904181610/tools/bin/../lib/gcc/arm-none-eabi/7.3.1/../../../../arm-none-eabi/lib/thumb/v7e-m/fpv4-sp/hard\libm.a(lib_a-wf_sqrt.o)
                              Src/main.o (sqrtf)
c:/program files/st/stm32cubeide_1.3.0/stm32cubeide/plugins/com.st.stm32cube.ide.mcu.externaltools.gnu-tools-for-stm32.7-2018-q2-update.win32_1.0.0.201904181610/tools/bin/../lib/gcc/arm-none-eabi/7.3.1/../../../../arm-none-eabi/lib/thumb/v7e-m/fpv4-sp/hard\libm.a(lib_a-ef_log10.o)
                              c:/program files/st/stm32cubeide_1.3.0/stm32cubeide/plugins/com.st.stm32cube.ide.mcu.externaltools.gnu-tools-for-stm32.7-2018-q2-update.win32_1.0.0.201904181610/tools/bin/../lib/gcc/arm-none-eabi/7.3.1/../../../../arm-none-eabi/lib/thumb/v7e-m/fpv4-sp/hard\libm.a(lib_a-wf_log10.o) (__ieee754_log10f)
[...]
Memory Configuration

Name             Origin             Length             Attributes
FLASH            0x0000000008000000 0x0000000000100000 xr
CCMRAM           0x0000000010000000 0x0000000000010000 xrw
RAM              0x0000000020000000 0x0000000000020000 xrw
*default*        0x0000000000000000 0xffffffffffffffff

Linker script and memory map

LOAD c:/program files/st/stm32cubeide_1.3.0/stm32cubeide/plugins/com.st.stm32cube.ide.mcu.externaltools.gnu-tools-for-stm32.7-2018-q2-update.win32_1.0.0.201904181610/tools/bin/../lib/gcc/arm-none-eabi/7.3.1/thumb/v7e-m/fpv4-sp/hard/crti.o
LOAD c:/program files/st/stm32cubeide_1.3.0/stm32cubeide/plugins/com.st.stm32cube.ide.mcu.externaltools.gnu-tools-for-stm32.7-2018-q2-update.win32_1.0.0.201904181610/tools/bin/../lib/gcc/arm-none-eabi/7.3.1/thumb/v7e-m/fpv4-sp/hard/crtbegin.o
LOAD c:/program files/st/stm32cubeide_1.3.0/stm32cubeide/plugins/com.st.stm32cube.ide.mcu.externaltools.gnu-tools-for-stm32.7-2018-q2-update.win32_1.0.0.201904181610/tools/bin/../lib/gcc/arm-none-eabi/7.3.1/../../../../arm-none-eabi/lib/thumb/v7e-m/fpv4-sp/hard/crt0.o
LOAD Drivers/STM32F4xx_HAL_Driver/Src/stm32f4xx_hal.o
LOAD Drivers/STM32F4xx_HAL_Driver/Src/stm32f4xx_hal_cortex.o
LOAD Drivers/STM32F4xx_HAL_Driver/Src/stm32f4xx_hal_dma.o
LOAD Drivers/STM32F4xx_HAL_Driver/Src/stm32f4xx_hal_dma_ex.o
LOAD Drivers/STM32F4xx_HAL_Driver/Src/stm32f4xx_hal_exti.o
LOAD Drivers/STM32F4xx_HAL_Driver/Src/stm32f4xx_hal_flash.o
LOAD Drivers/STM32F4xx_HAL_Driver/Src/stm32f4xx_hal_flash_ex.o
LOAD Drivers/STM32F4xx_HAL_Driver/Src/stm32f4xx_hal_flash_ramfunc.o
LOAD Drivers/STM32F4xx_HAL_Driver/Src/stm32f4xx_hal_gpio.o
LOAD Drivers/STM32F4xx_HAL_Driver/Src/stm32f4xx_hal_i2s.o
LOAD Drivers/STM32F4xx_HAL_Driver/Src/stm32f4xx_hal_i2s_ex.o
LOAD Drivers/STM32F4xx_HAL_Driver/Src/stm32f4xx_hal_pwr.o
LOAD Drivers/STM32F4xx_HAL_Driver/Src/stm32f4xx_hal_pwr_ex.o
LOAD Drivers/STM32F4xx_HAL_Driver/Src/stm32f4xx_hal_rcc.o
LOAD Drivers/STM32F4xx_HAL_Driver/Src/stm32f4xx_hal_rcc_ex.o
LOAD Drivers/STM32F4xx_HAL_Driver/Src/stm32f4xx_hal_tim.o
LOAD Drivers/STM32F4xx_HAL_Driver/Src/stm32f4xx_hal_tim_ex.o
LOAD Drivers/STM32F4xx_HAL_Driver/Src/stm32f4xx_hal_uart.o
LOAD Src/main.o
LOAD Src/stm32f4xx_hal_msp.o
LOAD Src/stm32f4xx_it.o
LOAD Src/syscalls.o
LOAD Src/sysmem.o
LOAD Src/system_stm32f4xx.o
LOAD Startup/startup_stm32f407vgtx.o
LOAD ../libs\libarm_cortexM4lf_math.a
START GROUP
LOAD c:/program files/st/stm32cubeide_1.3.0/stm32cubeide/plugins/com.st.stm32cube.ide.mcu.externaltools.gnu-tools-for-stm32.7-2018-q2-update.win32_1.0.0.201904181610/tools/bin/../lib/gcc/arm-none-eabi/7.3.1/../../../../arm-none-eabi/lib/thumb/v7e-m/fpv4-sp/hard\libc_nano.a
LOAD c:/program files/st/stm32cubeide_1.3.0/stm32cubeide/plugins/com.st.stm32cube.ide.mcu.externaltools.gnu-tools-for-stm32.7-2018-q2-update.win32_1.0.0.201904181610/tools/bin/../lib/gcc/arm-none-eabi/7.3.1/../../../../arm-none-eabi/lib/thumb/v7e-m/fpv4-sp/hard\libm.a
END GROUP
START GROUP
LOAD c:/program files/st/stm32cubeide_1.3.0/stm32cubeide/plugins/com.st.stm32cube.ide.mcu.externaltools.gnu-tools-for-stm32.7-2018-q2-update.win32_1.0.0.201904181610/tools/bin/../lib/gcc/arm-none-eabi/7.3.1/thumb/v7e-m/fpv4-sp/hard\libgcc.a
LOAD c:/program files/st/stm32cubeide_1.3.0/stm32cubeide/plugins/com.st.stm32cube.ide.mcu.externaltools.gnu-tools-for-stm32.7-2018-q2-update.win32_1.0.0.201904181610/tools/bin/../lib/gcc/arm-none-eabi/7.3.1/../../../../arm-none-eabi/lib/thumb/v7e-m/fpv4-sp/hard\libc_nano.a
END GROUP
START GROUP
LOAD c:/program files/st/stm32cubeide_1.3.0/stm32cubeide/plugins/com.st.stm32cube.ide.mcu.externaltools.gnu-tools-for-stm32.7-2018-q2-update.win32_1.0.0.201904181610/tools/bin/../lib/gcc/arm-none-eabi/7.3.1/thumb/v7e-m/fpv4-sp/hard\libgcc.a
LOAD c:/program files/st/stm32cubeide_1.3.0/stm32cubeide/plugins/com.st.stm32cube.ide.mcu.externaltools.gnu-tools-for-stm32.7-2018-q2-update.win32_1.0.0.201904181610/tools/bin/../lib/gcc/arm-none-eabi/7.3.1/../../../../arm-none-eabi/lib/thumb/v7e-m/fpv4-sp/hard\libc_nano.a
LOAD c:/program files/st/stm32cubeide_1.3.0/stm32cubeide/plugins/com.st.stm32cube.ide.mcu.externaltools.gnu-tools-for-stm32.7-2018-q2-update.win32_1.0.0.201904181610/tools/bin/../lib/gcc/arm-none-eabi/7.3.1/../../../../arm-none-eabi/lib/thumb/v7e-m/fpv4-sp/hard\libnosys.a
END GROUP
START GROUP
LOAD c:/program files/st/stm32cubeide_1.3.0/stm32cubeide/plugins/com.st.stm32cube.ide.mcu.externaltools.gnu-tools-for-stm32.7-2018-q2-update.win32_1.0.0.201904181610/tools/bin/../lib/gcc/arm-none-eabi/7.3.1/thumb/v7e-m/fpv4-sp/hard\libgcc.a
LOAD c:/program files/st/stm32cubeide_1.3.0/stm32cubeide/plugins/com.st.stm32cube.ide.mcu.externaltools.gnu-tools-for-stm32.7-2018-q2-update.win32_1.0.0.201904181610/tools/bin/../lib/gcc/arm-none-eabi/7.3.1/../../../../arm-none-eabi/lib/thumb/v7e-m/fpv4-sp/hard\libc_nano.a
LOAD c:/program files/st/stm32cubeide_1.3.0/stm32cubeide/plugins/com.st.stm32cube.ide.mcu.externaltools.gnu-tools-for-stm32.7-2018-q2-update.win32_1.0.0.201904181610/tools/bin/../lib/gcc/arm-none-eabi/7.3.1/../../../../arm-none-eabi/lib/thumb/v7e-m/fpv4-sp/hard\libnosys.a
END GROUP
LOAD c:/program files/st/stm32cubeide_1.3.0/stm32cubeide/plugins/com.st.stm32cube.ide.mcu.externaltools.gnu-tools-for-stm32.7-2018-q2-update.win32_1.0.0.201904181610/tools/bin/../lib/gcc/arm-none-eabi/7.3.1/thumb/v7e-m/fpv4-sp/hard/crtend.o
LOAD c:/program files/st/stm32cubeide_1.3.0/stm32cubeide/plugins/com.st.stm32cube.ide.mcu.externaltools.gnu-tools-for-stm32.7-2018-q2-update.win32_1.0.0.201904181610/tools/bin/../lib/gcc/arm-none-eabi/7.3.1/thumb/v7e-m/fpv4-sp/hard/crtn.o
                0x000000002001ffff                _estack = 0x2001ffff
                0x0000000000000200                _Min_Heap_Size = 0x200
                0x0000000000000400                _Min_Stack_Size = 0x400

.isr_vector     0x0000000008000000      0x188
                0x0000000008000000                . = ALIGN (0x4)
 *(.isr_vector)
 .isr_vector    0x0000000008000000      0x188 Startup/startup_stm32f407vgtx.o
                0x0000000008000000                g_pfnVectors
                0x0000000008000188                . = ALIGN (0x4)

.text           0x0000000008000188     0x5ee4
                0x0000000008000188                . = ALIGN (0x4)
 *(.text)
 .text          0x0000000008000188       0x40 c:/program files/st/stm32cubeide_1.3.0/stm32cubeide/plugins/com.st.stm32cube.ide.mcu.externaltools.gnu-tools-for-stm32.7-2018-q2-update.win32_1.0.0.201904181610/tools/bin/../lib/gcc/arm-none-eabi/7.3.1/thumb/v7e-m/fpv4-sp/hard/crtbegin.o
 .text          0x00000000080001c8       0xc0 ../libs\libarm_cortexM4lf_math.a(arm_bitreversal2.o)
                0x00000000080001c8                arm_bitreversal_32
                0x0000000008000232                arm_bitreversal_16
 .text          0x0000000008000288      0x378 c:/program files/st/stm32cubeide_1.3.0/stm32cubeide/plugins/com.st.stm32cube.ide.mcu.externaltools.gnu-tools-for-stm32.7-2018-q2-update.win32_1.0.0.201904181610/tools/bin/../lib/gcc/arm-none-eabi/7.3.1/thumb/v7e-m/fpv4-sp/hard\libgcc.a(_arm_addsubdf3.o)
                0x0000000008000288                __aeabi_drsub
                0x0000000008000290                __aeabi_dsub
                0x0000000008000290                __subdf3
                0x0000000008000294                __aeabi_dadd
                0x0000000008000294                __adddf3
                0x000000000800050c                __floatunsidf
                0x000000000800050c                __aeabi_ui2d
                0x000000000800052c                __floatsidf
                0x000000000800052c                __aeabi_i2d
                0x0000000008000550                __aeabi_f2d
                0x0000000008000550                __extendsfdf2
                0x0000000008000594                __floatundidf
                0x0000000008000594                __aeabi_ul2d
                0x00000000080005a4                __floatdidf
                0x00000000080005a4                __aeabi_l2d
 .text          0x0000000008000600      0x424 c:/program files/st/stm32cubeide_1.3.0/stm32cubeide/plugins/com.st.stm32cube.ide.mcu.externaltools.gnu-tools-for-stm32.7-2018-q2-update.win32_1.0.0.201904181610/tools/bin/../lib/gcc/arm-none-eabi/7.3.1/thumb/v7e-m/fpv4-sp/hard\libgcc.a(_arm_muldivdf3.o)
                0x0000000008000600                __aeabi_dmul
                0x0000000008000600                __muldf3
                0x0000000008000854                __divdf3
                0x0000000008000854                __aeabi_ddiv
 .text          0x0000000008000a24       0xa0 c:/program files/st/stm32cubeide_1.3.0/stm32cubeide/plugins/com.st.stm32cube.ide.mcu.externaltools.gnu-tools-for-stm32.7-2018-q2-update.win32_1.0.0.201904181610/tools/bin/../lib/gcc/arm-none-eabi/7.3.1/thumb/v7e-m/fpv4-sp/hard\libgcc.a(_arm_truncdfsf2.o)
                0x0000000008000a24                __truncdfsf2
                0x0000000008000a24                __aeabi_d2f
 .text          0x0000000008000ac4       0x30 c:/program files/st/stm32cubeide_1.3.0/stm32cubeide/plugins/com.st.stm32cube.ide.mcu.externaltools.gnu-tools-for-stm32.7-2018-q2-update.win32_1.0.0.201904181610/tools/bin/../lib/gcc/arm-none-eabi/7.3.1/thumb/v7e-m/fpv4-sp/hard\libgcc.a(_aeabi_uldivmod.o)
                0x0000000008000ac4                __aeabi_uldivmod
 .text          0x0000000008000af4      0x2cc c:/program files/st/stm32cubeide_1.3.0/stm32cubeide/plugins/com.st.stm32cube.ide.mcu.externaltools.gnu-tools-for-stm32.7-2018-q2-update.win32_1.0.0.201904181610/tools/bin/../lib/gcc/arm-none-eabi/7.3.1/thumb/v7e-m/fpv4-sp/hard\libgcc.a(_udivmoddi4.o)
                0x0000000008000af4                __udivmoddi4
 .text          0x0000000008000dc0        0x4 c:/program files/st/stm32cubeide_1.3.0/stm32cubeide/plugins/com.st.stm32cube.ide.mcu.externaltools.gnu-tools-for-stm32.7-2018-q2-update.win32_1.0.0.201904181610/tools/bin/../lib/gcc/arm-none-eabi/7.3.1/thumb/v7e-m/fpv4-sp/hard\libgcc.a(_dvmd_tls.o)
                0x0000000008000dc0                __aeabi_idiv0
                0x0000000008000dc0                __aeabi_ldiv0
 *(.text*)
 .text.HAL_Init
                0x0000000008000dc4       0x44 Drivers/STM32F4xx_HAL_Driver/Src/stm32f4xx_hal.o
                0x0000000008000dc4                HAL_Init
 .text.HAL_InitTick
                0x0000000008000e08       0x60 Drivers/STM32F4xx_HAL_Driver/Src/stm32f4xx_hal.o
                0x0000000008000e08                HAL_InitTick
 .text.HAL_IncTick
                0x0000000008000e68       0x28 Drivers/STM32F4xx_HAL_Driver/Src/stm32f4xx_hal.o
                0x0000000008000e68                HAL_IncTick
 .text.HAL_GetTick
                0x0000000008000e90       0x18 Drivers/STM32F4xx_HAL_Driver/Src/stm32f4xx_hal.o
                0x0000000008000e90                HAL_GetTick
 .text.__NVIC_SetPriorityGrouping
                0x0000000008000ea8       0x48 Drivers/STM32F4xx_HAL_Driver/Src/stm32f4xx_hal_cortex.o
 .text.__NVIC_GetPriorityGrouping
                0x0000000008000ef0       0x1c Drivers/STM32F4xx_HAL_Driver/Src/stm32f4xx_hal_cortex.o
 .text.__NVIC_EnableIRQ
                0x0000000008000f0c       0x3c Drivers/STM32F4xx_HAL_Driver/Src/stm32f4xx_hal_cortex.o
 .text.__NVIC_SetPriority
                0x0000000008000f48       0x54 Drivers/STM32F4xx_HAL_Driver/Src/stm32f4xx_hal_cortex.o
 .text.NVIC_EncodePriority
                0x0000000008000f9c       0x66 Drivers/STM32F4xx_HAL_Driver/Src/stm32f4xx_hal_cortex.o
 *fill*         0x0000000008001002        0x2 
 .text.SysTick_Config
                0x0000000008001004       0x44 Drivers/STM32F4xx_HAL_Driver/Src/stm32f4xx_hal_cortex.o
 .text.HAL_NVIC_SetPriorityGrouping
                0x0000000008001048       0x16 Drivers/STM32F4xx_HAL_Driver/Src/stm32f4xx_hal_cortex.o
                0x0000000008001048                HAL_NVIC_SetPriorityGrouping
 .text.HAL_NVIC_SetPriority
                0x000000000800105e       0x38 Drivers/STM32F4xx_HAL_Driver/Src/stm32f4xx_hal_cortex.o
                0x000000000800105e                HAL_NVIC_SetPriority
 .text.HAL_NVIC_EnableIRQ
                0x0000000008001096       0x1c Drivers/STM32F4xx_HAL_Driver/Src/stm32f4xx_hal_cortex.o
                0x0000000008001096                HAL_NVIC_EnableIRQ
 .text.HAL_SYSTICK_Config
                0x00000000080010b2       0x18 Drivers/STM32F4xx_HAL_Driver/Src/stm32f4xx_hal_cortex.o
                0x00000000080010b2                HAL_SYSTICK_Config
 *fill*         0x00000000080010ca        0x2 
 .text.HAL_DMA_Init
                0x00000000080010cc      0x15c Drivers/STM32F4xx_HAL_Driver/Src/stm32f4xx_hal_dma.o
                0x00000000080010cc                HAL_DMA_Init
 .text.HAL_DMA_Start_IT
                0x0000000008001228       0xb0 Drivers/STM32F4xx_HAL_Driver/Src/stm32f4xx_hal_dma.o
                0x0000000008001228                HAL_DMA_Start_IT
 .text.HAL_DMA_IRQHandler
                0x00000000080012d8      0x314 Drivers/STM32F4xx_HAL_Driver/Src/stm32f4xx_hal_dma.o
                0x00000000080012d8                HAL_DMA_IRQHandler
 .text.DMA_SetConfig
                0x00000000080015ec       0x5c Drivers/STM32F4xx_HAL_Driver/Src/stm32f4xx_hal_dma.o
 .text.DMA_CalcBaseAndBitshift
                0x0000000008001648       0x6c Drivers/STM32F4xx_HAL_Driver/Src/stm32f4xx_hal_dma.o
 .text.DMA_CheckFifoParam
                0x00000000080016b4       0xf4 Drivers/STM32F4xx_HAL_Driver/Src/stm32f4xx_hal_dma.o
 .text.HAL_GPIO_Init
                0x00000000080017a8      0x334 Drivers/STM32F4xx_HAL_Driver/Src/stm32f4xx_hal_gpio.o
                0x00000000080017a8                HAL_GPIO_Init
 .text.HAL_GPIO_WritePin
                0x0000000008001adc       0x32 Drivers/STM32F4xx_HAL_Driver/Src/stm32f4xx_hal_gpio.o
                0x0000000008001adc                HAL_GPIO_WritePin
 *fill*         0x0000000008001b0e        0x2 
 .text.HAL_I2S_Init
                0x0000000008001b10      0x280 Drivers/STM32F4xx_HAL_Driver/Src/stm32f4xx_hal_i2s.o
                0x0000000008001b10                HAL_I2S_Init
 .text.HAL_I2S_TxCpltCallback
                0x0000000008001d90       0x14 Drivers/STM32F4xx_HAL_Driver/Src/stm32f4xx_hal_i2s.o
                0x0000000008001d90                HAL_I2S_TxCpltCallback
 .text.HAL_I2S_RxCpltCallback
                0x0000000008001da4       0x14 Drivers/STM32F4xx_HAL_Driver/Src/stm32f4xx_hal_i2s.o
                0x0000000008001da4                HAL_I2S_RxCpltCallback
 .text.HAL_I2S_ErrorCallback
                0x0000000008001db8       0x14 Drivers/STM32F4xx_HAL_Driver/Src/stm32f4xx_hal_i2s.o
                0x0000000008001db8                HAL_I2S_ErrorCallback
 .text.I2S_Transmit_IT
                0x0000000008001dcc       0x5c Drivers/STM32F4xx_HAL_Driver/Src/stm32f4xx_hal_i2s.o
 .text.I2S_Receive_IT
                0x0000000008001e28       0x5e Drivers/STM32F4xx_HAL_Driver/Src/stm32f4xx_hal_i2s.o
 .text.I2S_IRQHandler
                0x0000000008001e86      0x114 Drivers/STM32F4xx_HAL_Driver/Src/stm32f4xx_hal_i2s.o
 *fill*         0x0000000008001f9a        0x2 
 .text.HAL_I2SEx_TransmitReceive_DMA
                0x0000000008001f9c      0x314 Drivers/STM32F4xx_HAL_Driver/Src/stm32f4xx_hal_i2s_ex.o
                0x0000000008001f9c                HAL_I2SEx_TransmitReceive_DMA
 .text.HAL_I2SEx_FullDuplex_IRQHandler
                0x00000000080022b0      0x2a8 Drivers/STM32F4xx_HAL_Driver/Src/stm32f4xx_hal_i2s_ex.o
                0x00000000080022b0                HAL_I2SEx_FullDuplex_IRQHandler
 .text.I2SEx_TxRxDMAHalfCplt
                0x0000000008002558       0x1c Drivers/STM32F4xx_HAL_Driver/Src/stm32f4xx_hal_i2s_ex.o
 .text.I2SEx_TxRxDMACplt
                0x0000000008002574      0x138 Drivers/STM32F4xx_HAL_Driver/Src/stm32f4xx_hal_i2s_ex.o
 .text.I2SEx_TxRxDMAError
                0x00000000080026ac       0x80 Drivers/STM32F4xx_HAL_Driver/Src/stm32f4xx_hal_i2s_ex.o
 .text.I2SEx_TxISR_I2S
                0x000000000800272c       0x62 Drivers/STM32F4xx_HAL_Driver/Src/stm32f4xx_hal_i2s_ex.o
 *fill*         0x000000000800278e        0x2 
 .text.I2SEx_TxISR_I2SExt
                0x0000000008002790       0x98 Drivers/STM32F4xx_HAL_Driver/Src/stm32f4xx_hal_i2s_ex.o
 .text.I2SEx_RxISR_I2S
                0x0000000008002828       0x64 Drivers/STM32F4xx_HAL_Driver/Src/stm32f4xx_hal_i2s_ex.o
 .text.I2SEx_RxISR_I2SExt
                0x000000000800288c       0x98 Drivers/STM32F4xx_HAL_Driver/Src/stm32f4xx_hal_i2s_ex.o
 .text.HAL_RCC_OscConfig
                0x0000000008002924      0x4e0 Drivers/STM32F4xx_HAL_Driver/Src/stm32f4xx_hal_rcc.o
                0x0000000008002924                HAL_RCC_OscConfig
 .text.HAL_RCC_ClockConfig
                0x0000000008002e04      0x1cc Drivers/STM32F4xx_HAL_Driver/Src/stm32f4xx_hal_rcc.o
                0x0000000008002e04                HAL_RCC_ClockConfig
 .text.HAL_RCC_GetSysClockFreq
                0x0000000008002fd0      0x1b0 Drivers/STM32F4xx_HAL_Driver/Src/stm32f4xx_hal_rcc.o
                0x0000000008002fd0                HAL_RCC_GetSysClockFreq
 .text.HAL_RCC_GetHCLKFreq
                0x0000000008003180       0x18 Drivers/STM32F4xx_HAL_Driver/Src/stm32f4xx_hal_rcc.o
                0x0000000008003180                HAL_RCC_GetHCLKFreq
 .text.HAL_RCC_GetPCLK1Freq
                0x0000000008003198       0x28 Drivers/STM32F4xx_HAL_Driver/Src/stm32f4xx_hal_rcc.o
                0x0000000008003198                HAL_RCC_GetPCLK1Freq
 .text.HAL_RCC_GetPCLK2Freq
                0x00000000080031c0       0x28 Drivers/STM32F4xx_HAL_Driver/Src/stm32f4xx_hal_rcc.o
                0x00000000080031c0                HAL_RCC_GetPCLK2Freq
 .text.HAL_RCCEx_PeriphCLKConfig
                0x00000000080031e8      0x1c4 Drivers/STM32F4xx_HAL_Driver/Src/stm32f4xx_hal_rcc_ex.o
                0x00000000080031e8                HAL_RCCEx_PeriphCLKConfig
 .text.HAL_RCCEx_GetPeriphCLKFreq
                0x00000000080033ac       0xb8 Drivers/STM32F4xx_HAL_Driver/Src/stm32f4xx_hal_rcc_ex.o
                0x00000000080033ac                HAL_RCCEx_GetPeriphCLKFreq
 .text.HAL_UART_Init
                0x0000000008003464       0x9a Drivers/STM32F4xx_HAL_Driver/Src/stm32f4xx_hal_uart.o
                0x0000000008003464                HAL_UART_Init
 *fill*         0x00000000080034fe        0x2 
 .text.HAL_UART_Transmit_DMA
                0x0000000008003500       0xd8 Drivers/STM32F4xx_HAL_Driver/Src/stm32f4xx_hal_uart.o
                0x0000000008003500                HAL_UART_Transmit_DMA
 .text.HAL_UART_TxCpltCallback
                0x00000000080035d8       0x14 Drivers/STM32F4xx_HAL_Driver/Src/stm32f4xx_hal_uart.o
                0x00000000080035d8                HAL_UART_TxCpltCallback
 .text.HAL_UART_ErrorCallback
                0x00000000080035ec       0x14 Drivers/STM32F4xx_HAL_Driver/Src/stm32f4xx_hal_uart.o
                0x00000000080035ec                HAL_UART_ErrorCallback
 .text.UART_DMATransmitCplt
                0x0000000008003600       0x52 Drivers/STM32F4xx_HAL_Driver/Src/stm32f4xx_hal_uart.o
 .text.UART_DMATxHalfCplt
                0x0000000008003652       0x1c Drivers/STM32F4xx_HAL_Driver/Src/stm32f4xx_hal_uart.o
 .text.UART_DMAError
                0x000000000800366e       0x94 Drivers/STM32F4xx_HAL_Driver/Src/stm32f4xx_hal_uart.o
 .text.UART_EndTxTransfer
                0x0000000008003702       0x2c Drivers/STM32F4xx_HAL_Driver/Src/stm32f4xx_hal_uart.o
 .text.UART_EndRxTransfer
                0x000000000800372e       0x3c Drivers/STM32F4xx_HAL_Driver/Src/stm32f4xx_hal_uart.o
 *fill*         0x000000000800376a        0x2 
 .text.UART_SetConfig
                0x000000000800376c      0x6f8 Drivers/STM32F4xx_HAL_Driver/Src/stm32f4xx_hal_uart.o
 .text.main     0x0000000008003e64      0x208 Src/main.o
                0x0000000008003e64                main
 .text.complexABS
                0x000000000800406c       0x40 Src/main.o
                0x000000000800406c                complexABS
 .text.DoFFT    0x00000000080040ac      0x200 Src/main.o
                0x00000000080040ac                DoFFT
 .text.HAL_UART_TxHalfCpltCallback
                0x00000000080042ac       0x2c Src/main.o
                0x00000000080042ac                HAL_UART_TxHalfCpltCallback
 .text.HAL_I2SEx_TxRxHalfCpltCallback
                0x00000000080042d8       0x20 Src/main.o
                0x00000000080042d8                HAL_I2SEx_TxRxHalfCpltCallback
 .text.HAL_I2SEx_TxRxCpltCallback
                0x00000000080042f8       0x20 Src/main.o
                0x00000000080042f8                HAL_I2SEx_TxRxCpltCallback
 .text.SystemClock_Config
                0x0000000008004318      0x104 Src/main.o
                0x0000000008004318                SystemClock_Config
 .text.MX_I2S2_Init
                0x000000000800441c       0x5c Src/main.o
 .text.MX_USART2_UART_Init
                0x0000000008004478       0x54 Src/main.o
 .text.MX_DMA_Init
                0x00000000080044cc       0x60 Src/main.o
 .text.MX_GPIO_Init
                0x000000000800452c      0x278 Src/main.o
 .text.Error_Handler
                0x00000000080047a4        0xe Src/main.o
                0x00000000080047a4                Error_Handler
 *fill*         0x00000000080047b2        0x2 
 .text.HAL_MspInit
                0x00000000080047b4       0x50 Src/stm32f4xx_hal_msp.o
                0x00000000080047b4                HAL_MspInit
 .text.HAL_I2S_MspInit
                0x0000000008004804      0x1c8 Src/stm32f4xx_hal_msp.o
                0x0000000008004804                HAL_I2S_MspInit
 .text.HAL_UART_MspInit
                0x00000000080049cc       0xf4 Src/stm32f4xx_hal_msp.o
                0x00000000080049cc                HAL_UART_MspInit
 .text.NMI_Handler
                0x0000000008004ac0        0xe Src/stm32f4xx_it.o
                0x0000000008004ac0                NMI_Handler
 .text.HardFault_Handler
                0x0000000008004ace        0x6 Src/stm32f4xx_it.o
                0x0000000008004ace                HardFault_Handler
 .text.MemManage_Handler
                0x0000000008004ad4        0x6 Src/stm32f4xx_it.o
                0x0000000008004ad4                MemManage_Handler
 .text.BusFault_Handler
                0x0000000008004ada        0x6 Src/stm32f4xx_it.o
                0x0000000008004ada                BusFault_Handler
 .text.UsageFault_Handler
                0x0000000008004ae0        0x6 Src/stm32f4xx_it.o
                0x0000000008004ae0                UsageFault_Handler
 .text.SVC_Handler
                0x0000000008004ae6        0xe Src/stm32f4xx_it.o
                0x0000000008004ae6                SVC_Handler
 .text.DebugMon_Handler
                0x0000000008004af4        0xe Src/stm32f4xx_it.o
                0x0000000008004af4                DebugMon_Handler
 .text.PendSV_Handler
                0x0000000008004b02        0xe Src/stm32f4xx_it.o
                0x0000000008004b02                PendSV_Handler
 .text.SysTick_Handler
                0x0000000008004b10        0xc Src/stm32f4xx_it.o
                0x0000000008004b10                SysTick_Handler
 .text.DMA1_Stream3_IRQHandler
                0x0000000008004b1c       0x14 Src/stm32f4xx_it.o
                0x0000000008004b1c                DMA1_Stream3_IRQHandler
 .text.DMA1_Stream4_IRQHandler
                0x0000000008004b30       0x14 Src/stm32f4xx_it.o
                0x0000000008004b30                DMA1_Stream4_IRQHandler
 .text.DMA1_Stream6_IRQHandler
                0x0000000008004b44       0x14 Src/stm32f4xx_it.o
                0x0000000008004b44                DMA1_Stream6_IRQHandler
 .text.SystemInit
                0x0000000008004b58       0x6c Src/system_stm32f4xx.o
                0x0000000008004b58                SystemInit
 .text.Reset_Handler
                0x0000000008004bc4       0x50 Startup/startup_stm32f407vgtx.o
                0x0000000008004bc4                Reset_Handler
 .text.Default_Handler
                0x0000000008004c14        0x2 Startup/startup_stm32f407vgtx.o
                0x0000000008004c14                RTC_Alarm_IRQHandler
                0x0000000008004c14                HASH_RNG_IRQHandler
                0x0000000008004c14                EXTI2_IRQHandler
                0x0000000008004c14                TIM8_CC_IRQHandler
                0x0000000008004c14                TIM1_CC_IRQHandler
                0x0000000008004c14                DMA2_Stream5_IRQHandler
                0x0000000008004c14                DMA1_Stream5_IRQHandler
                0x0000000008004c14                PVD_IRQHandler
                0x0000000008004c14                SDIO_IRQHandler
                0x0000000008004c14                TAMP_STAMP_IRQHandler
                0x0000000008004c14                CAN2_RX1_IRQHandler
                0x0000000008004c14                EXTI3_IRQHandler
                0x0000000008004c14                TIM8_TRG_COM_TIM14_IRQHandler
                0x0000000008004c14                TIM1_UP_TIM10_IRQHandler
                0x0000000008004c14                TIM8_UP_TIM13_IRQHandler
                0x0000000008004c14                I2C3_ER_IRQHandler
                0x0000000008004c14                EXTI0_IRQHandler
                0x0000000008004c14                I2C2_EV_IRQHandler
                0x0000000008004c14                DMA1_Stream2_IRQHandler
                0x0000000008004c14                CAN1_RX0_IRQHandler
                0x0000000008004c14                FPU_IRQHandler
                0x0000000008004c14                OTG_HS_WKUP_IRQHandler
                0x0000000008004c14                CAN2_SCE_IRQHandler
                0x0000000008004c14                DMA2_Stream2_IRQHandler
                0x0000000008004c14                SPI1_IRQHandler
                0x0000000008004c14                TIM6_DAC_IRQHandler
                0x0000000008004c14                TIM1_BRK_TIM9_IRQHandler
                0x0000000008004c14                DCMI_IRQHandler
                0x0000000008004c14                CAN2_RX0_IRQHandler
                0x0000000008004c14                DMA2_Stream3_IRQHandler
                0x0000000008004c14                USART6_IRQHandler
                0x0000000008004c14                USART3_IRQHandler
                0x0000000008004c14                CAN1_RX1_IRQHandler
                0x0000000008004c14                UART5_IRQHandler
                0x0000000008004c14                DMA2_Stream0_IRQHandler
                0x0000000008004c14                TIM4_IRQHandler
                0x0000000008004c14                I2C1_EV_IRQHandler
                0x0000000008004c14                DMA1_Stream1_IRQHandler
                0x0000000008004c14                UART4_IRQHandler
                0x0000000008004c14                TIM3_IRQHandler
                0x0000000008004c14                RCC_IRQHandler
                0x0000000008004c14                TIM8_BRK_TIM12_IRQHandler
                0x0000000008004c14                Default_Handler
                0x0000000008004c14                EXTI15_10_IRQHandler
                0x0000000008004c14                ADC_IRQHandler
                0x0000000008004c14                DMA1_Stream7_IRQHandler
                0x0000000008004c14                TIM7_IRQHandler
                0x0000000008004c14                CAN2_TX_IRQHandler
                0x0000000008004c14                TIM5_IRQHandler
                0x0000000008004c14                DMA2_Stream7_IRQHandler
                0x0000000008004c14                I2C3_EV_IRQHandler
                0x0000000008004c14                EXTI9_5_IRQHandler
                0x0000000008004c14                RTC_WKUP_IRQHandler
                0x0000000008004c14                ETH_WKUP_IRQHandler
                0x0000000008004c14                SPI2_IRQHandler
                0x0000000008004c14                OTG_HS_EP1_IN_IRQHandler
                0x0000000008004c14                DMA1_Stream0_IRQHandler
                0x0000000008004c14                CAN1_TX_IRQHandler
                0x0000000008004c14                EXTI4_IRQHandler
                0x0000000008004c14                FSMC_IRQHandler
                0x0000000008004c14                ETH_IRQHandler
                0x0000000008004c14                OTG_HS_EP1_OUT_IRQHandler
                0x0000000008004c14                WWDG_IRQHandler
                0x0000000008004c14                TIM2_IRQHandler
                0x0000000008004c14                OTG_FS_WKUP_IRQHandler
                0x0000000008004c14                TIM1_TRG_COM_TIM11_IRQHandler
                0x0000000008004c14                OTG_HS_IRQHandler
                0x0000000008004c14                EXTI1_IRQHandler
                0x0000000008004c14                USART2_IRQHandler
                0x0000000008004c14                I2C2_ER_IRQHandler
                0x0000000008004c14                DMA2_Stream1_IRQHandler
                0x0000000008004c14                CAN1_SCE_IRQHandler
                0x0000000008004c14                FLASH_IRQHandler
                0x0000000008004c14                DMA2_Stream4_IRQHandler
                0x0000000008004c14                USART1_IRQHandler
                0x0000000008004c14                OTG_FS_IRQHandler
                0x0000000008004c14                SPI3_IRQHandler
                0x0000000008004c14                I2C1_ER_IRQHandler
                0x0000000008004c14                DMA2_Stream6_IRQHandler
 *fill*         0x0000000008004c16        0x2 
 .text.arm_rfft_fast_init_f32
                0x0000000008004c18      0x108 ../libs\libarm_cortexM4lf_math.a(arm_rfft_fast_init_f32.o)
                0x0000000008004c18                arm_rfft_fast_init_f32
 .text.arm_rfft_fast_f32
                0x0000000008004d20      0x188 ../libs\libarm_cortexM4lf_math.a(arm_rfft_fast_f32.o)
                0x0000000008004d20                arm_rfft_fast_f32
 .text.arm_cfft_radix8by2_f32
                0x0000000008004ea8      0x1a4 ../libs\libarm_cortexM4lf_math.a(arm_cfft_f32.o)
                0x0000000008004ea8                arm_cfft_radix8by2_f32
 .text.arm_cfft_radix8by4_f32
                0x000000000800504c      0x4bc ../libs\libarm_cortexM4lf_math.a(arm_cfft_f32.o)
                0x000000000800504c                arm_cfft_radix8by4_f32
 .text.arm_cfft_f32
                0x0000000008005508       0xf4 ../libs\libarm_cortexM4lf_math.a(arm_cfft_f32.o)
                0x0000000008005508                arm_cfft_f32
 .text.arm_radix8_butterfly_f32
                0x00000000080055fc      0x5c4 ../libs\libarm_cortexM4lf_math.a(arm_cfft_radix8_f32.o)
                0x00000000080055fc                arm_radix8_butterfly_f32
 .text.__errno  0x0000000008005bc0        0xc c:/program files/st/stm32cubeide_1.3.0/stm32cubeide/plugins/com.st.stm32cube.ide.mcu.externaltools.gnu-tools-for-stm32.7-2018-q2-update.win32_1.0.0.201904181610/tools/bin/../lib/gcc/arm-none-eabi/7.3.1/../../../../arm-none-eabi/lib/thumb/v7e-m/fpv4-sp/hard\libc_nano.a(lib_a-errno.o)
                0x0000000008005bc0                __errno
 .text.__libc_init_array
                0x0000000008005bcc       0x48 c:/program files/st/stm32cubeide_1.3.0/stm32cubeide/plugins/com.st.stm32cube.ide.mcu.externaltools.gnu-tools-for-stm32.7-2018-q2-update.win32_1.0.0.201904181610/tools/bin/../lib/gcc/arm-none-eabi/7.3.1/../../../../arm-none-eabi/lib/thumb/v7e-m/fpv4-sp/hard\libc_nano.a(lib_a-init.o)
                0x0000000008005bcc                __libc_init_array
 .text.memset   0x0000000008005c14       0x10 c:/program files/st/stm32cubeide_1.3.0/stm32cubeide/plugins/com.st.stm32cube.ide.mcu.externaltools.gnu-tools-for-stm32.7-2018-q2-update.win32_1.0.0.201904181610/tools/bin/../lib/gcc/arm-none-eabi/7.3.1/../../../../arm-none-eabi/lib/thumb/v7e-m/fpv4-sp/hard\libc_nano.a(lib_a-memset.o)
                0x0000000008005c14                memset
 .text.log10f   0x0000000008005c24       0xec c:/program files/st/stm32cubeide_1.3.0/stm32cubeide/plugins/com.st.stm32cube.ide.mcu.externaltools.gnu-tools-for-stm32.7-2018-q2-update.win32_1.0.0.201904181610/tools/bin/../lib/gcc/arm-none-eabi/7.3.1/../../../../arm-none-eabi/lib/thumb/v7e-m/fpv4-sp/hard\libm.a(lib_a-wf_log10.o)
                0x0000000008005c24                log10f
 .text.sqrtf    0x0000000008005d10       0xa0 c:/program files/st/stm32cubeide_1.3.0/stm32cubeide/plugins/com.st.stm32cube.ide.mcu.externaltools.gnu-tools-for-stm32.7-2018-q2-update.win32_1.0.0.201904181610/tools/bin/../lib/gcc/arm-none-eabi/7.3.1/../../../../arm-none-eabi/lib/thumb/v7e-m/fpv4-sp/hard\libm.a(lib_a-wf_sqrt.o)
                0x0000000008005d10                sqrtf
 .text.__ieee754_log10f
                0x0000000008005db0       0xac c:/program files/st/stm32cubeide_1.3.0/stm32cubeide/plugins/com.st.stm32cube.ide.mcu.externaltools.gnu-tools-for-stm32.7-2018-q2-update.win32_1.0.0.201904181610/tools/bin/../lib/gcc/arm-none-eabi/7.3.1/../../../../arm-none-eabi/lib/thumb/v7e-m/fpv4-sp/hard\libm.a(lib_a-ef_log10.o)
                0x0000000008005db0                __ieee754_log10f
 .text.__ieee754_sqrtf
                0x0000000008005e5c        0x6 c:/program files/st/stm32cubeide_1.3.0/stm32cubeide/plugins/com.st.stm32cube.ide.mcu.externaltools.gnu-tools-for-stm32.7-2018-q2-update.win32_1.0.0.201904181610/tools/bin/../lib/gcc/arm-none-eabi/7.3.1/../../../../arm-none-eabi/lib/thumb/v7e-m/fpv4-sp/hard\libm.a(lib_a-ef_sqrt.o)
                0x0000000008005e5c                __ieee754_sqrtf
 .text.matherr  0x0000000008005e62        0x4 c:/program files/st/stm32cubeide_1.3.0/stm32cubeide/plugins/com.st.stm32cube.ide.mcu.externaltools.gnu-tools-for-stm32.7-2018-q2-update.win32_1.0.0.201904181610/tools/bin/../lib/gcc/arm-none-eabi/7.3.1/../../../../arm-none-eabi/lib/thumb/v7e-m/fpv4-sp/hard\libm.a(lib_a-s_matherr.o)
                0x0000000008005e62                matherr
 *fill*         0x0000000008005e66        0x2 
 .text.nan      0x0000000008005e68       0x10 c:/program files/st/stm32cubeide_1.3.0/stm32cubeide/plugins/com.st.stm32cube.ide.mcu.externaltools.gnu-tools-for-stm32.7-2018-q2-update.win32_1.0.0.201904181610/tools/bin/../lib/gcc/arm-none-eabi/7.3.1/../../../../arm-none-eabi/lib/thumb/v7e-m/fpv4-sp/hard\libm.a(lib_a-s_nan.o)
                0x0000000008005e68                nan
 .text.__ieee754_logf
                0x0000000008005e78      0x1dc c:/program files/st/stm32cubeide_1.3.0/stm32cubeide/plugins/com.st.stm32cube.ide.mcu.externaltools.gnu-tools-for-stm32.7-2018-q2-update.win32_1.0.0.201904181610/tools/bin/../lib/gcc/arm-none-eabi/7.3.1/../../../../arm-none-eabi/lib/thumb/v7e-m/fpv4-sp/hard\libm.a(lib_a-ef_log.o)
                0x0000000008005e78                __ieee754_logf
 *(.glue_7)
 .glue_7        0x0000000008006054        0x0 linker stubs
 *(.glue_7t)
 .glue_7t       0x0000000008006054        0x0 linker stubs
 *(.eh_frame)
 .eh_frame      0x0000000008006054        0x0 c:/program files/st/stm32cubeide_1.3.0/stm32cubeide/plugins/com.st.stm32cube.ide.mcu.externaltools.gnu-tools-for-stm32.7-2018-q2-update.win32_1.0.0.201904181610/tools/bin/../lib/gcc/arm-none-eabi/7.3.1/thumb/v7e-m/fpv4-sp/hard/crtbegin.o
 *(.init)
 .init          0x0000000008006054        0x4 c:/program files/st/stm32cubeide_1.3.0/stm32cubeide/plugins/com.st.stm32cube.ide.mcu.externaltools.gnu-tools-for-stm32.7-2018-q2-update.win32_1.0.0.201904181610/tools/bin/../lib/gcc/arm-none-eabi/7.3.1/thumb/v7e-m/fpv4-sp/hard/crti.o
                0x0000000008006054                _init
 .init          0x0000000008006058        0x8 c:/program files/st/stm32cubeide_1.3.0/stm32cubeide/plugins/com.st.stm32cube.ide.mcu.externaltools.gnu-tools-for-stm32.7-2018-q2-update.win32_1.0.0.201904181610/tools/bin/../lib/gcc/arm-none-eabi/7.3.1/thumb/v7e-m/fpv4-sp/hard/crtn.o
 *(.fini)
 .fini          0x0000000008006060        0x4 c:/program files/st/stm32cubeide_1.3.0/stm32cubeide/plugins/com.st.stm32cube.ide.mcu.externaltools.gnu-tools-for-stm32.7-2018-q2-update.win32_1.0.0.201904181610/tools/bin/../lib/gcc/arm-none-eabi/7.3.1/thumb/v7e-m/fpv4-sp/hard/crti.o
                0x0000000008006060                _fini
 .fini          0x0000000008006064        0x8 c:/program files/st/stm32cubeide_1.3.0/stm32cubeide/plugins/com.st.stm32cube.ide.mcu.externaltools.gnu-tools-for-stm32.7-2018-q2-update.win32_1.0.0.201904181610/tools/bin/../lib/gcc/arm-none-eabi/7.3.1/thumb/v7e-m/fpv4-sp/hard/crtn.o
                0x000000000800606c                . = ALIGN (0x4)
                0x000000000800606c                _etext = .

.vfp11_veneer   0x000000000800606c        0x0
 .vfp11_veneer  0x000000000800606c        0x0 linker stubs

.v4_bx          0x000000000800606c        0x0
 .v4_bx         0x000000000800606c        0x0 linker stubs

.iplt           0x000000000800606c        0x0
 .iplt          0x000000000800606c        0x0 c:/program files/st/stm32cubeide_1.3.0/stm32cubeide/plugins/com.st.stm32cube.ide.mcu.externaltools.gnu-tools-for-stm32.7-2018-q2-update.win32_1.0.0.201904181610/tools/bin/../lib/gcc/arm-none-eabi/7.3.1/thumb/v7e-m/fpv4-sp/hard/crtbegin.o

.rodata         0x000000000800606c    0x13488
                0x000000000800606c                . = ALIGN (0x4)
 *(.rodata)
 *(.rodata*)
 .rodata.flagBitshiftOffset.7741
                0x000000000800606c        0x8 Drivers/STM32F4xx_HAL_Driver/Src/stm32f4xx_hal_dma.o
 .rodata.AHBPrescTable
                0x0000000008006074       0x10 Src/system_stm32f4xx.o
                0x0000000008006074                AHBPrescTable
 .rodata.APBPrescTable
                0x0000000008006084        0x8 Src/system_stm32f4xx.o
                0x0000000008006084                APBPrescTable
 .rodata.twiddleCoef_2048
                0x000000000800608c     0x4000 ../libs\libarm_cortexM4lf_math.a(arm_common_tables.o)
                0x000000000800608c                twiddleCoef_2048
 .rodata.twiddleCoef_rfft_64
                0x000000000800a08c      0x100 ../libs\libarm_cortexM4lf_math.a(arm_common_tables.o)
                0x000000000800a08c                twiddleCoef_rfft_64
 .rodata.armBitRevIndexTable64
                0x000000000800a18c       0x70 ../libs\libarm_cortexM4lf_math.a(arm_common_tables.o)
                0x000000000800a18c                armBitRevIndexTable64
 .rodata.twiddleCoef_rfft_2048
                0x000000000800a1fc     0x2000 ../libs\libarm_cortexM4lf_math.a(arm_common_tables.o)
                0x000000000800a1fc                twiddleCoef_rfft_2048
 .rodata.twiddleCoef_rfft_4096
                0x000000000800c1fc     0x4000 ../libs\libarm_cortexM4lf_math.a(arm_common_tables.o)
                0x000000000800c1fc                twiddleCoef_rfft_4096
 .rodata.twiddleCoef_256
                0x00000000080101fc      0x800 ../libs\libarm_cortexM4lf_math.a(arm_common_tables.o)
                0x00000000080101fc                twiddleCoef_256
 .rodata.twiddleCoef_16
                0x00000000080109fc       0x80 ../libs\libarm_cortexM4lf_math.a(arm_common_tables.o)
                0x00000000080109fc                twiddleCoef_16
 .rodata.twiddleCoef_1024
                0x0000000008010a7c     0x2000 ../libs\libarm_cortexM4lf_math.a(arm_common_tables.o)
                0x0000000008010a7c                twiddleCoef_1024
 .rodata.twiddleCoef_32
                0x0000000008012a7c      0x100 ../libs\libarm_cortexM4lf_math.a(arm_common_tables.o)
                0x0000000008012a7c                twiddleCoef_32
 .rodata.armBitRevIndexTable1024
                0x0000000008012b7c      0xe10 ../libs\libarm_cortexM4lf_math.a(arm_common_tables.o)
                0x0000000008012b7c                armBitRevIndexTable1024
 .rodata.armBitRevIndexTable16
                0x000000000801398c       0x28 ../libs\libarm_cortexM4lf_math.a(arm_common_tables.o)
                0x000000000801398c                armBitRevIndexTable16
 .rodata.twiddleCoef_rfft_32
                0x00000000080139b4       0x80 ../libs\libarm_cortexM4lf_math.a(arm_common_tables.o)
                0x00000000080139b4                twiddleCoef_rfft_32
 .rodata.armBitRevIndexTable32
                0x0000000008013a34       0x60 ../libs\libarm_cortexM4lf_math.a(arm_common_tables.o)
                0x0000000008013a34                armBitRevIndexTable32
 .rodata.twiddleCoef_128
                0x0000000008013a94      0x400 ../libs\libarm_cortexM4lf_math.a(arm_common_tables.o)
                0x0000000008013a94                twiddleCoef_128
 .rodata.twiddleCoef_512
                0x0000000008013e94     0x1000 ../libs\libarm_cortexM4lf_math.a(arm_common_tables.o)
                0x0000000008013e94                twiddleCoef_512
 .rodata.armBitRevIndexTable2048
                0x0000000008014e94     0x1dc0 ../libs\libarm_cortexM4lf_math.a(arm_common_tables.o)
                0x0000000008014e94                armBitRevIndexTable2048
 .rodata.twiddleCoef_64
                0x0000000008016c54      0x200 ../libs\libarm_cortexM4lf_math.a(arm_common_tables.o)
                0x0000000008016c54                twiddleCoef_64
 .rodata.twiddleCoef_rfft_512
                0x0000000008016e54      0x800 ../libs\libarm_cortexM4lf_math.a(arm_common_tables.o)
                0x0000000008016e54                twiddleCoef_rfft_512
 .rodata.armBitRevIndexTable512
                0x0000000008017654      0x380 ../libs\libarm_cortexM4lf_math.a(arm_common_tables.o)
                0x0000000008017654                armBitRevIndexTable512
 .rodata.twiddleCoef_rfft_1024
                0x00000000080179d4     0x1000 ../libs\libarm_cortexM4lf_math.a(arm_common_tables.o)
                0x00000000080179d4                twiddleCoef_rfft_1024
 .rodata.twiddleCoef_rfft_256
                0x00000000080189d4      0x400 ../libs\libarm_cortexM4lf_math.a(arm_common_tables.o)
                0x00000000080189d4                twiddleCoef_rfft_256
 .rodata.armBitRevIndexTable256
                0x0000000008018dd4      0x370 ../libs\libarm_cortexM4lf_math.a(arm_common_tables.o)
                0x0000000008018dd4                armBitRevIndexTable256
 .rodata.twiddleCoef_rfft_128
                0x0000000008019144      0x200 ../libs\libarm_cortexM4lf_math.a(arm_common_tables.o)
                0x0000000008019144                twiddleCoef_rfft_128
 .rodata.armBitRevIndexTable128
                0x0000000008019344      0x1a0 ../libs\libarm_cortexM4lf_math.a(arm_common_tables.o)
                0x0000000008019344                armBitRevIndexTable128
 .rodata.log10f.str1.1
                0x00000000080194e4        0x7 c:/program files/st/stm32cubeide_1.3.0/stm32cubeide/plugins/com.st.stm32cube.ide.mcu.externaltools.gnu-tools-for-stm32.7-2018-q2-update.win32_1.0.0.201904181610/tools/bin/../lib/gcc/arm-none-eabi/7.3.1/../../../../arm-none-eabi/lib/thumb/v7e-m/fpv4-sp/hard\libm.a(lib_a-wf_log10.o)
                                          0x8 (size before relaxing)
 .rodata.sqrtf.str1.1
                0x00000000080194eb        0x6 c:/program files/st/stm32cubeide_1.3.0/stm32cubeide/plugins/com.st.stm32cube.ide.mcu.externaltools.gnu-tools-for-stm32.7-2018-q2-update.win32_1.0.0.201904181610/tools/bin/../lib/gcc/arm-none-eabi/7.3.1/../../../../arm-none-eabi/lib/thumb/v7e-m/fpv4-sp/hard\libm.a(lib_a-wf_sqrt.o)
                0x00000000080194f4                . = ALIGN (0x4)
 *fill*         0x00000000080194f1        0x3 

.ARM.extab      0x00000000080194f4        0x0
                0x00000000080194f4                . = ALIGN (0x4)
 *(.ARM.extab* .gnu.linkonce.armextab.*)
                0x00000000080194f4                . = ALIGN (0x4)

.ARM            0x00000000080194f4        0x8
                0x00000000080194f4                . = ALIGN (0x4)
                0x00000000080194f4                __exidx_start = .
 *(.ARM.exidx*)
 .ARM.exidx     0x00000000080194f4        0x8 c:/program files/st/stm32cubeide_1.3.0/stm32cubeide/plugins/com.st.stm32cube.ide.mcu.externaltools.gnu-tools-for-stm32.7-2018-q2-update.win32_1.0.0.201904181610/tools/bin/../lib/gcc/arm-none-eabi/7.3.1/thumb/v7e-m/fpv4-sp/hard\libgcc.a(_udivmoddi4.o)
                0x00000000080194fc                __exidx_end = .
                0x00000000080194fc                . = ALIGN (0x4)

.rel.dyn        0x00000000080194fc        0x0
 .rel.iplt      0x00000000080194fc        0x0 c:/program files/st/stm32cubeide_1.3.0/stm32cubeide/plugins/com.st.stm32cube.ide.mcu.externaltools.gnu-tools-for-stm32.7-2018-q2-update.win32_1.0.0.201904181610/tools/bin/../lib/gcc/arm-none-eabi/7.3.1/thumb/v7e-m/fpv4-sp/hard/crtbegin.o

.preinit_array  0x00000000080194fc        0x0
                0x00000000080194fc                . = ALIGN (0x4)
                0x00000000080194fc                PROVIDE (__preinit_array_start = .)
 *(.preinit_array*)
                0x00000000080194fc                PROVIDE (__preinit_array_end = .)
                0x00000000080194fc                . = ALIGN (0x4)

.init_array     0x00000000080194fc        0x4
                0x00000000080194fc                . = ALIGN (0x4)
                0x00000000080194fc                PROVIDE (__init_array_start = .)
 *(SORT_BY_NAME(.init_array.*))
 *(.init_array*)
 .init_array    0x00000000080194fc        0x4 c:/program files/st/stm32cubeide_1.3.0/stm32cubeide/plugins/com.st.stm32cube.ide.mcu.externaltools.gnu-tools-for-stm32.7-2018-q2-update.win32_1.0.0.201904181610/tools/bin/../lib/gcc/arm-none-eabi/7.3.1/thumb/v7e-m/fpv4-sp/hard/crtbegin.o
                0x0000000008019500                PROVIDE (__init_array_end = .)
                0x0000000008019500                . = ALIGN (0x4)

.fini_array     0x0000000008019500        0x4
                0x0000000008019500                . = ALIGN (0x4)
                [!provide]                        PROVIDE (__fini_array_start = .)
 *(SORT_BY_NAME(.fini_array.*))
 *(.fini_array*)
 .fini_array    0x0000000008019500        0x4 c:/program files/st/stm32cubeide_1.3.0/stm32cubeide/plugins/com.st.stm32cube.ide.mcu.externaltools.gnu-tools-for-stm32.7-2018-q2-update.win32_1.0.0.201904181610/tools/bin/../lib/gcc/arm-none-eabi/7.3.1/thumb/v7e-m/fpv4-sp/hard/crtbegin.o
                [!provide]                        PROVIDE (__fini_array_end = .)
                0x0000000008019504                . = ALIGN (0x4)
                0x0000000008019504                _sidata = LOADADDR (.data)

.data           0x0000000020000000       0x74 load address 0x0000000008019504
                0x0000000020000000                . = ALIGN (0x4)
                0x0000000020000000                _sdata = .
 *(.data)
 *(.data*)
 .data.uwTickPrio
                0x0000000020000000        0x4 Drivers/STM32F4xx_HAL_Driver/Src/stm32f4xx_hal.o
                0x0000000020000000                uwTickPrio
 .data.uwTickFreq
                0x0000000020000004        0x1 Drivers/STM32F4xx_HAL_Driver/Src/stm32f4xx_hal.o
                0x0000000020000004                uwTickFreq
 .data.uartfree
                0x0000000020000005        0x1 Src/main.o
                0x0000000020000005                uartfree
 *fill*         0x0000000020000006        0x2 
 .data.SystemCoreClock
                0x0000000020000008        0x4 Src/system_stm32f4xx.o
                0x0000000020000008                SystemCoreClock
 .data._impure_ptr
                0x000000002000000c        0x4 c:/program files/st/stm32cubeide_1.3.0/stm32cubeide/plugins/com.st.stm32cube.ide.mcu.externaltools.gnu-tools-for-stm32.7-2018-q2-update.win32_1.0.0.201904181610/tools/bin/../lib/gcc/arm-none-eabi/7.3.1/../../../../arm-none-eabi/lib/thumb/v7e-m/fpv4-sp/hard\libc_nano.a(lib_a-impure.o)
                0x000000002000000c                _impure_ptr
 .data.impure_data
                0x0000000020000010       0x60 c:/program files/st/stm32cubeide_1.3.0/stm32cubeide/plugins/com.st.stm32cube.ide.mcu.externaltools.gnu-tools-for-stm32.7-2018-q2-update.win32_1.0.0.201904181610/tools/bin/../lib/gcc/arm-none-eabi/7.3.1/../../../../arm-none-eabi/lib/thumb/v7e-m/fpv4-sp/hard\libc_nano.a(lib_a-impure.o)
 .data.__fdlib_version
                0x0000000020000070        0x1 c:/program files/st/stm32cubeide_1.3.0/stm32cubeide/plugins/com.st.stm32cube.ide.mcu.externaltools.gnu-tools-for-stm32.7-2018-q2-update.win32_1.0.0.201904181610/tools/bin/../lib/gcc/arm-none-eabi/7.3.1/../../../../arm-none-eabi/lib/thumb/v7e-m/fpv4-sp/hard\libm.a(lib_a-s_lib_ver.o)
                0x0000000020000070                __fdlib_version
                0x0000000020000074                . = ALIGN (0x4)
 *fill*         0x0000000020000071        0x3 
                0x0000000020000074                _edata = .

.igot.plt       0x0000000020000074        0x0 load address 0x0000000008019578
 .igot.plt      0x0000000020000074        0x0 c:/program files/st/stm32cubeide_1.3.0/stm32cubeide/plugins/com.st.stm32cube.ide.mcu.externaltools.gnu-tools-for-stm32.7-2018-q2-update.win32_1.0.0.201904181610/tools/bin/../lib/gcc/arm-none-eabi/7.3.1/thumb/v7e-m/fpv4-sp/hard/crtbegin.o
                0x0000000020000074                . = ALIGN (0x4)

.bss            0x0000000020000074    0x141f4 load address 0x0000000008019578
                0x0000000020000074                _sbss = .
                0x0000000020000074                __bss_start__ = _sbss
 *(.bss)
 .bss           0x0000000020000074       0x1c c:/program files/st/stm32cubeide_1.3.0/stm32cubeide/plugins/com.st.stm32cube.ide.mcu.externaltools.gnu-tools-for-stm32.7-2018-q2-update.win32_1.0.0.201904181610/tools/bin/../lib/gcc/arm-none-eabi/7.3.1/thumb/v7e-m/fpv4-sp/hard/crtbegin.o
 *(.bss*)
 .bss.callback_state
                0x0000000020000090        0x1 Src/main.o
                0x0000000020000090                callback_state
 *(COMMON)
 *fill*         0x0000000020000091        0x3 
 COMMON         0x0000000020000094        0x4 Drivers/STM32F4xx_HAL_Driver/Src/stm32f4xx_hal.o
                0x0000000020000094                uwTick
 COMMON         0x0000000020000098    0x141d0 Src/main.o
                0x0000000020000098                fft_handler
                0x00000000200000b0                txBuf
                0x00000000200080b0                hdma_usart2_tx
                0x0000000020008110                rxBuf
                0x0000000020010110                outarray
                0x0000000020010120                fft_out_buf
                0x0000000020012120                huart2
                0x0000000020012160                fft_in_buf
                0x0000000020014160                hdma_i2s2_ext_rx
                0x00000000200141c0                hdma_spi2_tx
                0x0000000020014220                hi2s2
                0x0000000020014268                . = ALIGN (0x4)
                0x0000000020014268                _ebss = .
                0x0000000020014268                __bss_end__ = _ebss

._user_heap_stack
                0x0000000020014268      0x600 load address 0x0000000008019578
                0x0000000020014268                . = ALIGN (0x8)
                0x0000000020014268                PROVIDE (end = .)
                [!provide]                        PROVIDE (_end = .)
                0x0000000020014468                . = (. + _Min_Heap_Size)
 *fill*         0x0000000020014268      0x200 
                0x0000000020014868                . = (. + _Min_Stack_Size)
 *fill*         0x0000000020014468      0x400 
                0x0000000020014868                . = ALIGN (0x8)

/DISCARD/
 libc.a(*)
 libm.a(*)
 libgcc.a(*)

.ARM.attributes
                0x0000000000000000       0x30
 *(.ARM.attributes)
 .ARM.attributes
                0x0000000000000000       0x22 c:/program files/st/stm32cubeide_1.3.0/stm32cubeide/plugins/com.st.stm32cube.ide.mcu.externaltools.gnu-tools-for-stm32.7-2018-q2-update.win32_1.0.0.201904181610/tools/bin/../lib/gcc/arm-none-eabi/7.3.1/thumb/v7e-m/fpv4-sp/hard/crti.o
 .ARM.attributes
                0x0000000000000022       0x34 c:/program files/st/stm32cubeide_1.3.0/stm32cubeide/plugins/com.st.stm32cube.ide.mcu.externaltools.gnu-tools-for-stm32.7-2018-q2-update.win32_1.0.0.201904181610/tools/bin/../lib/gcc/arm-none-eabi/7.3.1/thumb/v7e-m/fpv4-sp/hard/crtbegin.o
 .ARM.attributes
                0x0000000000000056       0x39 Drivers/STM32F4xx_HAL_Driver/Src/stm32f4xx_hal.o
 .ARM.attributes
                0x000000000000008f       0x39 Drivers/STM32F4xx_HAL_Driver/Src/stm32f4xx_hal_cortex.o
 .ARM.attributes
                0x00000000000000c8       0x39 Drivers/STM32F4xx_HAL_Driver/Src/stm32f4xx_hal_dma.o
 .ARM.attributes
                0x0000000000000101       0x39 Drivers/STM32F4xx_HAL_Driver/Src/stm32f4xx_hal_gpio.o
 .ARM.attributes
                0x000000000000013a       0x39 Drivers/STM32F4xx_HAL_Driver/Src/stm32f4xx_hal_i2s.o
 .ARM.attributes
                0x0000000000000173       0x39 Drivers/STM32F4xx_HAL_Driver/Src/stm32f4xx_hal_i2s_ex.o
 .ARM.attributes
                0x00000000000001ac       0x39 Drivers/STM32F4xx_HAL_Driver/Src/stm32f4xx_hal_rcc.o
 .ARM.attributes
                0x00000000000001e5       0x39 Drivers/STM32F4xx_HAL_Driver/Src/stm32f4xx_hal_rcc_ex.o
 .ARM.attributes
                0x000000000000021e       0x39 Drivers/STM32F4xx_HAL_Driver/Src/stm32f4xx_hal_uart.o
 .ARM.attributes
                0x0000000000000257       0x39 Src/main.o
 .ARM.attributes
                0x0000000000000290       0x39 Src/stm32f4xx_hal_msp.o
 .ARM.attributes
                0x00000000000002c9       0x39 Src/stm32f4xx_it.o
 .ARM.attributes
                0x0000000000000302       0x39 Src/system_stm32f4xx.o
 .ARM.attributes
                0x000000000000033b       0x21 Startup/startup_stm32f407vgtx.o
 .ARM.attributes
                0x000000000000035c       0x39 ../libs\libarm_cortexM4lf_math.a(arm_rfft_fast_init_f32.o)
 .ARM.attributes
                0x0000000000000395       0x39 ../libs\libarm_cortexM4lf_math.a(arm_rfft_fast_f32.o)
 .ARM.attributes
                0x00000000000003ce       0x39 ../libs\libarm_cortexM4lf_math.a(arm_cfft_f32.o)
 .ARM.attributes
                0x0000000000000407       0x39 ../libs\libarm_cortexM4lf_math.a(arm_common_tables.o)
 .ARM.attributes
                0x0000000000000440       0x25 ../libs\libarm_cortexM4lf_math.a(arm_bitreversal2.o)
 .ARM.attributes
                0x0000000000000465       0x39 ../libs\libarm_cortexM4lf_math.a(arm_cfft_radix8_f32.o)
 .ARM.attributes
                0x000000000000049e       0x34 c:/program files/st/stm32cubeide_1.3.0/stm32cubeide/plugins/com.st.stm32cube.ide.mcu.externaltools.gnu-tools-for-stm32.7-2018-q2-update.win32_1.0.0.201904181610/tools/bin/../lib/gcc/arm-none-eabi/7.3.1/../../../../arm-none-eabi/lib/thumb/v7e-m/fpv4-sp/hard\libc_nano.a(lib_a-errno.o)
 .ARM.attributes
                0x00000000000004d2       0x34 c:/program files/st/stm32cubeide_1.3.0/stm32cubeide/plugins/com.st.stm32cube.ide.mcu.externaltools.gnu-tools-for-stm32.7-2018-q2-update.win32_1.0.0.201904181610/tools/bin/../lib/gcc/arm-none-eabi/7.3.1/../../../../arm-none-eabi/lib/thumb/v7e-m/fpv4-sp/hard\libc_nano.a(lib_a-impure.o)
 .ARM.attributes
                0x0000000000000506       0x34 c:/program files/st/stm32cubeide_1.3.0/stm32cubeide/plugins/com.st.stm32cube.ide.mcu.externaltools.gnu-tools-for-stm32.7-2018-q2-update.win32_1.0.0.201904181610/tools/bin/../lib/gcc/arm-none-eabi/7.3.1/../../../../arm-none-eabi/lib/thumb/v7e-m/fpv4-sp/hard\libc_nano.a(lib_a-init.o)
 .ARM.attributes
                0x000000000000053a       0x34 c:/program files/st/stm32cubeide_1.3.0/stm32cubeide/plugins/com.st.stm32cube.ide.mcu.externaltools.gnu-tools-for-stm32.7-2018-q2-update.win32_1.0.0.201904181610/tools/bin/../lib/gcc/arm-none-eabi/7.3.1/../../../../arm-none-eabi/lib/thumb/v7e-m/fpv4-sp/hard\libc_nano.a(lib_a-memset.o)
 .ARM.attributes
                0x000000000000056e       0x34 c:/program files/st/stm32cubeide_1.3.0/stm32cubeide/plugins/com.st.stm32cube.ide.mcu.externaltools.gnu-tools-for-stm32.7-2018-q2-update.win32_1.0.0.201904181610/tools/bin/../lib/gcc/arm-none-eabi/7.3.1/../../../../arm-none-eabi/lib/thumb/v7e-m/fpv4-sp/hard\libm.a(lib_a-wf_log10.o)
 .ARM.attributes
                0x00000000000005a2       0x34 c:/program files/st/stm32cubeide_1.3.0/stm32cubeide/plugins/com.st.stm32cube.ide.mcu.externaltools.gnu-tools-for-stm32.7-2018-q2-update.win32_1.0.0.201904181610/tools/bin/../lib/gcc/arm-none-eabi/7.3.1/../../../../arm-none-eabi/lib/thumb/v7e-m/fpv4-sp/hard\libm.a(lib_a-wf_sqrt.o)
 .ARM.attributes
                0x00000000000005d6       0x34 c:/program files/st/stm32cubeide_1.3.0/stm32cubeide/plugins/com.st.stm32cube.ide.mcu.externaltools.gnu-tools-for-stm32.7-2018-q2-update.win32_1.0.0.201904181610/tools/bin/../lib/gcc/arm-none-eabi/7.3.1/../../../../arm-none-eabi/lib/thumb/v7e-m/fpv4-sp/hard\libm.a(lib_a-ef_log10.o)
 .ARM.attributes
                0x000000000000060a       0x34 c:/program files/st/stm32cubeide_1.3.0/stm32cubeide/plugins/com.st.stm32cube.ide.mcu.externaltools.gnu-tools-for-stm32.7-2018-q2-update.win32_1.0.0.201904181610/tools/bin/../lib/gcc/arm-none-eabi/7.3.1/../../../../arm-none-eabi/lib/thumb/v7e-m/fpv4-sp/hard\libm.a(lib_a-ef_sqrt.o)
 .ARM.attributes
                0x000000000000063e       0x34 c:/program files/st/stm32cubeide_1.3.0/stm32cubeide/plugins/com.st.stm32cube.ide.mcu.externaltools.gnu-tools-for-stm32.7-2018-q2-update.win32_1.0.0.201904181610/tools/bin/../lib/gcc/arm-none-eabi/7.3.1/../../../../arm-none-eabi/lib/thumb/v7e-m/fpv4-sp/hard\libm.a(lib_a-s_lib_ver.o)
 .ARM.attributes
                0x0000000000000672       0x34 c:/program files/st/stm32cubeide_1.3.0/stm32cubeide/plugins/com.st.stm32cube.ide.mcu.externaltools.gnu-tools-for-stm32.7-2018-q2-update.win32_1.0.0.201904181610/tools/bin/../lib/gcc/arm-none-eabi/7.3.1/../../../../arm-none-eabi/lib/thumb/v7e-m/fpv4-sp/hard\libm.a(lib_a-s_matherr.o)
 .ARM.attributes
                0x00000000000006a6       0x34 c:/program files/st/stm32cubeide_1.3.0/stm32cubeide/plugins/com.st.stm32cube.ide.mcu.externaltools.gnu-tools-for-stm32.7-2018-q2-update.win32_1.0.0.201904181610/tools/bin/../lib/gcc/arm-none-eabi/7.3.1/../../../../arm-none-eabi/lib/thumb/v7e-m/fpv4-sp/hard\libm.a(lib_a-s_nan.o)
 .ARM.attributes
                0x00000000000006da       0x34 c:/program files/st/stm32cubeide_1.3.0/stm32cubeide/plugins/com.st.stm32cube.ide.mcu.externaltools.gnu-tools-for-stm32.7-2018-q2-update.win32_1.0.0.201904181610/tools/bin/../lib/gcc/arm-none-eabi/7.3.1/../../../../arm-none-eabi/lib/thumb/v7e-m/fpv4-sp/hard\libm.a(lib_a-ef_log.o)
 .ARM.attributes
                0x000000000000070e       0x22 c:/program files/st/stm32cubeide_1.3.0/stm32cubeide/plugins/com.st.stm32cube.ide.mcu.externaltools.gnu-tools-for-stm32.7-2018-q2-update.win32_1.0.0.201904181610/tools/bin/../lib/gcc/arm-none-eabi/7.3.1/thumb/v7e-m/fpv4-sp/hard\libgcc.a(_arm_addsubdf3.o)
 .ARM.attributes
                0x0000000000000730       0x22 c:/program files/st/stm32cubeide_1.3.0/stm32cubeide/plugins/com.st.stm32cube.ide.mcu.externaltools.gnu-tools-for-stm32.7-2018-q2-update.win32_1.0.0.201904181610/tools/bin/../lib/gcc/arm-none-eabi/7.3.1/thumb/v7e-m/fpv4-sp/hard\libgcc.a(_arm_muldivdf3.o)
 .ARM.attributes
                0x0000000000000752       0x22 c:/program files/st/stm32cubeide_1.3.0/stm32cubeide/plugins/com.st.stm32cube.ide.mcu.externaltools.gnu-tools-for-stm32.7-2018-q2-update.win32_1.0.0.201904181610/tools/bin/../lib/gcc/arm-none-eabi/7.3.1/thumb/v7e-m/fpv4-sp/hard\libgcc.a(_arm_truncdfsf2.o)
 .ARM.attributes
                0x0000000000000774       0x22 c:/program files/st/stm32cubeide_1.3.0/stm32cubeide/plugins/com.st.stm32cube.ide.mcu.externaltools.gnu-tools-for-stm32.7-2018-q2-update.win32_1.0.0.201904181610/tools/bin/../lib/gcc/arm-none-eabi/7.3.1/thumb/v7e-m/fpv4-sp/hard\libgcc.a(_aeabi_uldivmod.o)
 .ARM.attributes
                0x0000000000000796       0x34 c:/program files/st/stm32cubeide_1.3.0/stm32cubeide/plugins/com.st.stm32cube.ide.mcu.externaltools.gnu-tools-for-stm32.7-2018-q2-update.win32_1.0.0.201904181610/tools/bin/../lib/gcc/arm-none-eabi/7.3.1/thumb/v7e-m/fpv4-sp/hard\libgcc.a(_udivmoddi4.o)
 .ARM.attributes
                0x00000000000007ca       0x22 c:/program files/st/stm32cubeide_1.3.0/stm32cubeide/plugins/com.st.stm32cube.ide.mcu.externaltools.gnu-tools-for-stm32.7-2018-q2-update.win32_1.0.0.201904181610/tools/bin/../lib/gcc/arm-none-eabi/7.3.1/thumb/v7e-m/fpv4-sp/hard\libgcc.a(_dvmd_tls.o)
 .ARM.attributes
                0x00000000000007ec       0x22 c:/program files/st/stm32cubeide_1.3.0/stm32cubeide/plugins/com.st.stm32cube.ide.mcu.externaltools.gnu-tools-for-stm32.7-2018-q2-update.win32_1.0.0.201904181610/tools/bin/../lib/gcc/arm-none-eabi/7.3.1/thumb/v7e-m/fpv4-sp/hard/crtn.o
OUTPUT(DSP_Test.elf elf32-littlearm)

.debug_info     0x0000000000000000     0xb6f8
 .debug_info    0x0000000000000000      0x945 Drivers/STM32F4xx_HAL_Driver/Src/stm32f4xx_hal.o
 .debug_info    0x0000000000000945      0xe28 Drivers/STM32F4xx_HAL_Driver/Src/stm32f4xx_hal_cortex.o
 .debug_info    0x000000000000176d      0x968 Drivers/STM32F4xx_HAL_Driver/Src/stm32f4xx_hal_dma.o
 .debug_info    0x00000000000020d5      0x7b5 Drivers/STM32F4xx_HAL_Driver/Src/stm32f4xx_hal_gpio.o
 .debug_info    0x000000000000288a      0xe5e Drivers/STM32F4xx_HAL_Driver/Src/stm32f4xx_hal_i2s.o
 .debug_info    0x00000000000036e8      0xb76 Drivers/STM32F4xx_HAL_Driver/Src/stm32f4xx_hal_i2s_ex.o
 .debug_info    0x000000000000425e      0x904 Drivers/STM32F4xx_HAL_Driver/Src/stm32f4xx_hal_rcc.o
 .debug_info    0x0000000000004b62      0x5ae Drivers/STM32F4xx_HAL_Driver/Src/stm32f4xx_hal_rcc_ex.o
 .debug_info    0x0000000000005110     0x124c Drivers/STM32F4xx_HAL_Driver/Src/stm32f4xx_hal_uart.o
 .debug_info    0x000000000000635c     0x1c2e Src/main.o
 .debug_info    0x0000000000007f8a      0xc69 Src/stm32f4xx_hal_msp.o
 .debug_info    0x0000000000008bf3      0x4ab Src/stm32f4xx_it.o
 .debug_info    0x000000000000909e      0x554 Src/system_stm32f4xx.o
 .debug_info    0x00000000000095f2       0x22 Startup/startup_stm32f407vgtx.o
 .debug_info    0x0000000000009614      0x4c3 ../libs\libarm_cortexM4lf_math.a(arm_rfft_fast_init_f32.o)
 .debug_info    0x0000000000009ad7      0x72d ../libs\libarm_cortexM4lf_math.a(arm_rfft_fast_f32.o)
 .debug_info    0x000000000000a204      0x6b9 ../libs\libarm_cortexM4lf_math.a(arm_cfft_f32.o)
 .debug_info    0x000000000000a8bd      0x99d ../libs\libarm_cortexM4lf_math.a(arm_common_tables.o)
 .debug_info    0x000000000000b25a       0x85 ../libs\libarm_cortexM4lf_math.a(arm_bitreversal2.o)
 .debug_info    0x000000000000b2df      0x419 ../libs\libarm_cortexM4lf_math.a(arm_cfft_radix8_f32.o)

.debug_abbrev   0x0000000000000000     0x1f89
 .debug_abbrev  0x0000000000000000      0x1c7 Drivers/STM32F4xx_HAL_Driver/Src/stm32f4xx_hal.o
 .debug_abbrev  0x00000000000001c7      0x2fa Drivers/STM32F4xx_HAL_Driver/Src/stm32f4xx_hal_cortex.o
 .debug_abbrev  0x00000000000004c1      0x229 Drivers/STM32F4xx_HAL_Driver/Src/stm32f4xx_hal_dma.o
 .debug_abbrev  0x00000000000006ea      0x1c9 Drivers/STM32F4xx_HAL_Driver/Src/stm32f4xx_hal_gpio.o
 .debug_abbrev  0x00000000000008b3      0x21b Drivers/STM32F4xx_HAL_Driver/Src/stm32f4xx_hal_i2s.o
 .debug_abbrev  0x0000000000000ace      0x246 Drivers/STM32F4xx_HAL_Driver/Src/stm32f4xx_hal_i2s_ex.o
 .debug_abbrev  0x0000000000000d14      0x245 Drivers/STM32F4xx_HAL_Driver/Src/stm32f4xx_hal_rcc.o
 .debug_abbrev  0x0000000000000f59      0x173 Drivers/STM32F4xx_HAL_Driver/Src/stm32f4xx_hal_rcc_ex.o
 .debug_abbrev  0x00000000000010cc      0x242 Drivers/STM32F4xx_HAL_Driver/Src/stm32f4xx_hal_uart.o
 .debug_abbrev  0x000000000000130e      0x2f0 Src/main.o
 .debug_abbrev  0x00000000000015fe      0x1b5 Src/stm32f4xx_hal_msp.o
 .debug_abbrev  0x00000000000017b3      0x149 Src/stm32f4xx_it.o
 .debug_abbrev  0x00000000000018fc      0x12b Src/system_stm32f4xx.o
 .debug_abbrev  0x0000000000001a27       0x12 Startup/startup_stm32f407vgtx.o
 .debug_abbrev  0x0000000000001a39       0xfd ../libs\libarm_cortexM4lf_math.a(arm_rfft_fast_init_f32.o)
 .debug_abbrev  0x0000000000001b36      0x188 ../libs\libarm_cortexM4lf_math.a(arm_rfft_fast_f32.o)
 .debug_abbrev  0x0000000000001cbe      0x18b ../libs\libarm_cortexM4lf_math.a(arm_cfft_f32.o)
 .debug_abbrev  0x0000000000001e49       0x84 ../libs\libarm_cortexM4lf_math.a(arm_common_tables.o)
 .debug_abbrev  0x0000000000001ecd       0x14 ../libs\libarm_cortexM4lf_math.a(arm_bitreversal2.o)
 .debug_abbrev  0x0000000000001ee1       0xa8 ../libs\libarm_cortexM4lf_math.a(arm_cfft_radix8_f32.o)

.debug_aranges  0x0000000000000000      0x978
 .debug_aranges
                0x0000000000000000       0xf0 Drivers/STM32F4xx_HAL_Driver/Src/stm32f4xx_hal.o
 .debug_aranges
                0x00000000000000f0      0x118 Drivers/STM32F4xx_HAL_Driver/Src/stm32f4xx_hal_cortex.o
 .debug_aranges
                0x0000000000000208       0x90 Drivers/STM32F4xx_HAL_Driver/Src/stm32f4xx_hal_dma.o
 .debug_aranges
                0x0000000000000298       0x58 Drivers/STM32F4xx_HAL_Driver/Src/stm32f4xx_hal_gpio.o
 .debug_aranges
                0x00000000000002f0      0x108 Drivers/STM32F4xx_HAL_Driver/Src/stm32f4xx_hal_i2s.o
 .debug_aranges
                0x00000000000003f8       0x88 Drivers/STM32F4xx_HAL_Driver/Src/stm32f4xx_hal_i2s_ex.o
 .debug_aranges
                0x0000000000000480       0x88 Drivers/STM32F4xx_HAL_Driver/Src/stm32f4xx_hal_rcc.o
 .debug_aranges
                0x0000000000000508       0x48 Drivers/STM32F4xx_HAL_Driver/Src/stm32f4xx_hal_rcc_ex.o
 .debug_aranges
                0x0000000000000550      0x1d0 Drivers/STM32F4xx_HAL_Driver/Src/stm32f4xx_hal_uart.o
 .debug_aranges
                0x0000000000000720       0x78 Src/main.o
 .debug_aranges
                0x0000000000000798       0x40 Src/stm32f4xx_hal_msp.o
 .debug_aranges
                0x00000000000007d8       0x78 Src/stm32f4xx_it.o
 .debug_aranges
                0x0000000000000850       0x28 Src/system_stm32f4xx.o
 .debug_aranges
                0x0000000000000878       0x28 Startup/startup_stm32f407vgtx.o
 .debug_aranges
                0x00000000000008a0       0x20 ../libs\libarm_cortexM4lf_math.a(arm_rfft_fast_init_f32.o)
 .debug_aranges
                0x00000000000008c0       0x30 ../libs\libarm_cortexM4lf_math.a(arm_rfft_fast_f32.o)
 .debug_aranges
                0x00000000000008f0       0x30 ../libs\libarm_cortexM4lf_math.a(arm_cfft_f32.o)
 .debug_aranges
                0x0000000000000920       0x18 ../libs\libarm_cortexM4lf_math.a(arm_common_tables.o)
 .debug_aranges
                0x0000000000000938       0x20 ../libs\libarm_cortexM4lf_math.a(arm_bitreversal2.o)
 .debug_aranges
                0x0000000000000958       0x20 ../libs\libarm_cortexM4lf_math.a(arm_cfft_radix8_f32.o)

.debug_ranges   0x0000000000000000      0x828
 .debug_ranges  0x0000000000000000       0xe0 Drivers/STM32F4xx_HAL_Driver/Src/stm32f4xx_hal.o
 .debug_ranges  0x00000000000000e0      0x108 Drivers/STM32F4xx_HAL_Driver/Src/stm32f4xx_hal_cortex.o
 .debug_ranges  0x00000000000001e8       0x80 Drivers/STM32F4xx_HAL_Driver/Src/stm32f4xx_hal_dma.o
 .debug_ranges  0x0000000000000268       0x48 Drivers/STM32F4xx_HAL_Driver/Src/stm32f4xx_hal_gpio.o
 .debug_ranges  0x00000000000002b0       0xf8 Drivers/STM32F4xx_HAL_Driver/Src/stm32f4xx_hal_i2s.o
 .debug_ranges  0x00000000000003a8       0x78 Drivers/STM32F4xx_HAL_Driver/Src/stm32f4xx_hal_i2s_ex.o
 .debug_ranges  0x0000000000000420       0x78 Drivers/STM32F4xx_HAL_Driver/Src/stm32f4xx_hal_rcc.o
 .debug_ranges  0x0000000000000498       0x38 Drivers/STM32F4xx_HAL_Driver/Src/stm32f4xx_hal_rcc_ex.o
 .debug_ranges  0x00000000000004d0      0x1c0 Drivers/STM32F4xx_HAL_Driver/Src/stm32f4xx_hal_uart.o
 .debug_ranges  0x0000000000000690       0x68 Src/main.o
 .debug_ranges  0x00000000000006f8       0x30 Src/stm32f4xx_hal_msp.o
 .debug_ranges  0x0000000000000728       0x68 Src/stm32f4xx_it.o
 .debug_ranges  0x0000000000000790       0x18 Src/system_stm32f4xx.o
 .debug_ranges  0x00000000000007a8       0x20 Startup/startup_stm32f407vgtx.o
 .debug_ranges  0x00000000000007c8       0x10 ../libs\libarm_cortexM4lf_math.a(arm_rfft_fast_init_f32.o)
 .debug_ranges  0x00000000000007d8       0x20 ../libs\libarm_cortexM4lf_math.a(arm_rfft_fast_f32.o)
 .debug_ranges  0x00000000000007f8       0x20 ../libs\libarm_cortexM4lf_math.a(arm_cfft_f32.o)
 .debug_ranges  0x0000000000000818       0x10 ../libs\libarm_cortexM4lf_math.a(arm_cfft_radix8_f32.o)

.debug_macro    0x0000000000000000    0x204c3
 .debug_macro   0x0000000000000000      0x233 Drivers/STM32F4xx_HAL_Driver/Src/stm32f4xx_hal.o
 .debug_macro   0x0000000000000233      0xa5a Drivers/STM32F4xx_HAL_Driver/Src/stm32f4xx_hal.o
 .debug_macro   0x0000000000000c8d      0x18a Drivers/STM32F4xx_HAL_Driver/Src/stm32f4xx_hal.o
 .debug_macro   0x0000000000000e17       0x2e Drivers/STM32F4xx_HAL_Driver/Src/stm32f4xx_hal.o
 .debug_macro   0x0000000000000e45       0x2f Drivers/STM32F4xx_HAL_Driver/Src/stm32f4xx_hal.o
 .debug_macro   0x0000000000000e74       0x22 Drivers/STM32F4xx_HAL_Driver/Src/stm32f4xx_hal.o
 .debug_macro   0x0000000000000e96       0x8e Drivers/STM32F4xx_HAL_Driver/Src/stm32f4xx_hal.o
 .debug_macro   0x0000000000000f24       0x51 Drivers/STM32F4xx_HAL_Driver/Src/stm32f4xx_hal.o
 .debug_macro   0x0000000000000f75       0xef Drivers/STM32F4xx_HAL_Driver/Src/stm32f4xx_hal.o
 .debug_macro   0x0000000000001064       0x6a Drivers/STM32F4xx_HAL_Driver/Src/stm32f4xx_hal.o
 .debug_macro   0x00000000000010ce      0x1df Drivers/STM32F4xx_HAL_Driver/Src/stm32f4xx_hal.o
 .debug_macro   0x00000000000012ad       0x1c Drivers/STM32F4xx_HAL_Driver/Src/stm32f4xx_hal.o
 .debug_macro   0x00000000000012c9       0x22 Drivers/STM32F4xx_HAL_Driver/Src/stm32f4xx_hal.o
 .debug_macro   0x00000000000012eb       0xdf Drivers/STM32F4xx_HAL_Driver/Src/stm32f4xx_hal.o
 .debug_macro   0x00000000000013ca     0x102d Drivers/STM32F4xx_HAL_Driver/Src/stm32f4xx_hal.o
 .debug_macro   0x00000000000023f7      0x11f Drivers/STM32F4xx_HAL_Driver/Src/stm32f4xx_hal.o
 .debug_macro   0x0000000000002516    0x15e3c Drivers/STM32F4xx_HAL_Driver/Src/stm32f4xx_hal.o
 .debug_macro   0x0000000000018352       0x43 Drivers/STM32F4xx_HAL_Driver/Src/stm32f4xx_hal.o
 .debug_macro   0x0000000000018395     0x3659 Drivers/STM32F4xx_HAL_Driver/Src/stm32f4xx_hal.o
 .debug_macro   0x000000000001b9ee      0x174 Drivers/STM32F4xx_HAL_Driver/Src/stm32f4xx_hal.o
 .debug_macro   0x000000000001bb62       0x5a Drivers/STM32F4xx_HAL_Driver/Src/stm32f4xx_hal.o
 .debug_macro   0x000000000001bbbc      0x96b Drivers/STM32F4xx_HAL_Driver/Src/stm32f4xx_hal.o
 .debug_macro   0x000000000001c527      0x9fe Drivers/STM32F4xx_HAL_Driver/Src/stm32f4xx_hal.o
 .debug_macro   0x000000000001cf25      0x174 Drivers/STM32F4xx_HAL_Driver/Src/stm32f4xx_hal.o
 .debug_macro   0x000000000001d099      0x117 Drivers/STM32F4xx_HAL_Driver/Src/stm32f4xx_hal.o
 .debug_macro   0x000000000001d1b0      0x13e Drivers/STM32F4xx_HAL_Driver/Src/stm32f4xx_hal.o
 .debug_macro   0x000000000001d2ee       0x27 Drivers/STM32F4xx_HAL_Driver/Src/stm32f4xx_hal.o
 .debug_macro   0x000000000001d315      0x287 Drivers/STM32F4xx_HAL_Driver/Src/stm32f4xx_hal.o
 .debug_macro   0x000000000001d59c       0x5f Drivers/STM32F4xx_HAL_Driver/Src/stm32f4xx_hal.o
 .debug_macro   0x000000000001d5fb      0x236 Drivers/STM32F4xx_HAL_Driver/Src/stm32f4xx_hal.o
 .debug_macro   0x000000000001d831      0x12c Drivers/STM32F4xx_HAL_Driver/Src/stm32f4xx_hal.o
 .debug_macro   0x000000000001d95d      0x21e Drivers/STM32F4xx_HAL_Driver/Src/stm32f4xx_hal.o
 .debug_macro   0x000000000001db7b       0x2e Drivers/STM32F4xx_HAL_Driver/Src/stm32f4xx_hal.o
 .debug_macro   0x000000000001dba9      0x1a7 Drivers/STM32F4xx_HAL_Driver/Src/stm32f4xx_hal.o
 .debug_macro   0x000000000001dd50       0x46 Drivers/STM32F4xx_HAL_Driver/Src/stm32f4xx_hal.o
 .debug_macro   0x000000000001dd96       0x4a Drivers/STM32F4xx_HAL_Driver/Src/stm32f4xx_hal.o
 .debug_macro   0x000000000001dde0      0x11a Drivers/STM32F4xx_HAL_Driver/Src/stm32f4xx_hal.o
 .debug_macro   0x000000000001defa       0x7e Drivers/STM32F4xx_HAL_Driver/Src/stm32f4xx_hal.o
 .debug_macro   0x000000000001df78       0x89 Drivers/STM32F4xx_HAL_Driver/Src/stm32f4xx_hal.o
 .debug_macro   0x000000000001e001      0x287 Drivers/STM32F4xx_HAL_Driver/Src/stm32f4xx_hal.o
 .debug_macro   0x000000000001e288      0x12d Drivers/STM32F4xx_HAL_Driver/Src/stm32f4xx_hal.o
 .debug_macro   0x000000000001e3b5      0x1d3 Drivers/STM32F4xx_HAL_Driver/Src/stm32f4xx_hal_cortex.o
 .debug_macro   0x000000000001e588      0x1d9 Drivers/STM32F4xx_HAL_Driver/Src/stm32f4xx_hal_dma.o
 .debug_macro   0x000000000001e761      0x209 Drivers/STM32F4xx_HAL_Driver/Src/stm32f4xx_hal_gpio.o
 .debug_macro   0x000000000001e96a      0x1db Drivers/STM32F4xx_HAL_Driver/Src/stm32f4xx_hal_i2s.o
 .debug_macro   0x000000000001eb45      0x1d3 Drivers/STM32F4xx_HAL_Driver/Src/stm32f4xx_hal_i2s_ex.o
 .debug_macro   0x000000000001ed18      0x1f7 Drivers/STM32F4xx_HAL_Driver/Src/stm32f4xx_hal_rcc.o
 .debug_macro   0x000000000001ef0f      0x1d3 Drivers/STM32F4xx_HAL_Driver/Src/stm32f4xx_hal_rcc_ex.o
 .debug_macro   0x000000000001f0e2      0x1d4 Drivers/STM32F4xx_HAL_Driver/Src/stm32f4xx_hal_uart.o
 .debug_macro   0x000000000001f2b6      0x2d3 Src/main.o
 .debug_macro   0x000000000001f589       0x12 Src/main.o
 .debug_macro   0x000000000001f59b       0x46 Src/main.o
 .debug_macro   0x000000000001f5e1       0x18 Src/main.o
 .debug_macro   0x000000000001f5f9       0x3c Src/main.o
 .debug_macro   0x000000000001f635       0x34 Src/main.o
 .debug_macro   0x000000000001f669       0x52 Src/main.o
 .debug_macro   0x000000000001f6bb       0x1f Src/main.o
 .debug_macro   0x000000000001f6da       0x43 Src/main.o
 .debug_macro   0x000000000001f71d       0x20 Src/main.o
 .debug_macro   0x000000000001f73d      0x1a3 Src/main.o
 .debug_macro   0x000000000001f8e0      0x32a Src/main.o
 .debug_macro   0x000000000001fc0a       0x10 Src/main.o
 .debug_macro   0x000000000001fc1a       0x35 Src/main.o
 .debug_macro   0x000000000001fc4f       0x20 Src/main.o
 .debug_macro   0x000000000001fc6f      0x1e1 Src/main.o
 .debug_macro   0x000000000001fe50       0xd6 Src/main.o
 .debug_macro   0x000000000001ff26      0x1dd Src/stm32f4xx_hal_msp.o
 .debug_macro   0x0000000000020103      0x1e7 Src/stm32f4xx_it.o
 .debug_macro   0x00000000000202ea      0x1d9 Src/system_stm32f4xx.o

.debug_line     0x0000000000000000     0x9c08
 .debug_line    0x0000000000000000      0x928 Drivers/STM32F4xx_HAL_Driver/Src/stm32f4xx_hal.o
 .debug_line    0x0000000000000928      0xa4c Drivers/STM32F4xx_HAL_Driver/Src/stm32f4xx_hal_cortex.o
 .debug_line    0x0000000000001374      0x9f6 Drivers/STM32F4xx_HAL_Driver/Src/stm32f4xx_hal_dma.o
 .debug_line    0x0000000000001d6a      0x907 Drivers/STM32F4xx_HAL_Driver/Src/stm32f4xx_hal_gpio.o
 .debug_line    0x0000000000002671      0xdc4 Drivers/STM32F4xx_HAL_Driver/Src/stm32f4xx_hal_i2s.o
 .debug_line    0x0000000000003435      0xef3 Drivers/STM32F4xx_HAL_Driver/Src/stm32f4xx_hal_i2s_ex.o
 .debug_line    0x0000000000004328      0x980 Drivers/STM32F4xx_HAL_Driver/Src/stm32f4xx_hal_rcc.o
 .debug_line    0x0000000000004ca8      0x849 Drivers/STM32F4xx_HAL_Driver/Src/stm32f4xx_hal_rcc_ex.o
 .debug_line    0x00000000000054f1     0x1036 Drivers/STM32F4xx_HAL_Driver/Src/stm32f4xx_hal_uart.o
 .debug_line    0x0000000000006527      0xb47 Src/main.o
 .debug_line    0x000000000000706e      0x7b7 Src/stm32f4xx_hal_msp.o
 .debug_line    0x0000000000007825      0x7f8 Src/stm32f4xx_it.o
 .debug_line    0x000000000000801d      0x73f Src/system_stm32f4xx.o
 .debug_line    0x000000000000875c       0x81 Startup/startup_stm32f407vgtx.o
 .debug_line    0x00000000000087dd      0x1ab ../libs\libarm_cortexM4lf_math.a(arm_rfft_fast_init_f32.o)
 .debug_line    0x0000000000008988      0x2c2 ../libs\libarm_cortexM4lf_math.a(arm_rfft_fast_f32.o)
 .debug_line    0x0000000000008c4a      0x77e ../libs\libarm_cortexM4lf_math.a(arm_cfft_f32.o)
 .debug_line    0x00000000000093c8      0x12e ../libs\libarm_cortexM4lf_math.a(arm_common_tables.o)
 .debug_line    0x00000000000094f6       0x98 ../libs\libarm_cortexM4lf_math.a(arm_bitreversal2.o)
 .debug_line    0x000000000000958e      0x67a ../libs\libarm_cortexM4lf_math.a(arm_cfft_radix8_f32.o)

.debug_str      0x0000000000000000    0xc3efc
 .debug_str     0x0000000000000000    0xbd7b4 Drivers/STM32F4xx_HAL_Driver/Src/stm32f4xx_hal.o
                                      0xbdb3b (size before relaxing)
 .debug_str     0x00000000000bd7b4      0x3ed Drivers/STM32F4xx_HAL_Driver/Src/stm32f4xx_hal_cortex.o
                                      0xbd92a (size before relaxing)
 .debug_str     0x00000000000bdba1      0x53e Drivers/STM32F4xx_HAL_Driver/Src/stm32f4xx_hal_dma.o
                                      0xbd483 (size before relaxing)
 .debug_str     0x00000000000be0df      0x292 Drivers/STM32F4xx_HAL_Driver/Src/stm32f4xx_hal_gpio.o
                                      0xbd2ad (size before relaxing)
 .debug_str     0x00000000000be371      0x466 Drivers/STM32F4xx_HAL_Driver/Src/stm32f4xx_hal_i2s.o
                                      0xbd622 (size before relaxing)
 .debug_str     0x00000000000be7d7      0x1fc Drivers/STM32F4xx_HAL_Driver/Src/stm32f4xx_hal_i2s_ex.o
                                      0xbd560 (size before relaxing)
 .debug_str     0x00000000000be9d3      0x384 Drivers/STM32F4xx_HAL_Driver/Src/stm32f4xx_hal_rcc.o
                                      0xbd45b (size before relaxing)
 .debug_str     0x00000000000bed57      0x179 Drivers/STM32F4xx_HAL_Driver/Src/stm32f4xx_hal_rcc_ex.o
                                      0xbd1a3 (size before relaxing)
 .debug_str     0x00000000000beed0      0x68c Drivers/STM32F4xx_HAL_Driver/Src/stm32f4xx_hal_uart.o
                                      0xbd8ba (size before relaxing)
 .debug_str     0x00000000000bf55c     0x3ee2 Src/main.o
                                      0xc1c7e (size before relaxing)
 .debug_str     0x00000000000c343e       0x1b Src/stm32f4xx_hal_msp.o
                                      0xbd678 (size before relaxing)
 .debug_str     0x00000000000c3459      0x100 Src/stm32f4xx_it.o
                                      0xbd231 (size before relaxing)
 .debug_str     0x00000000000c3559       0x5a Src/system_stm32f4xx.o
                                      0xbd069 (size before relaxing)
 .debug_str     0x00000000000c35b3       0x78 Startup/startup_stm32f407vgtx.o
 .debug_str     0x00000000000c362b      0x3d8 ../libs\libarm_cortexM4lf_math.a(arm_rfft_fast_init_f32.o)
                                        0x517 (size before relaxing)
 .debug_str     0x00000000000c3a03       0x7c ../libs\libarm_cortexM4lf_math.a(arm_rfft_fast_f32.o)
                                        0x2f4 (size before relaxing)
 .debug_str     0x00000000000c3a7f      0x109 ../libs\libarm_cortexM4lf_math.a(arm_cfft_f32.o)
                                        0x35f (size before relaxing)
 .debug_str     0x00000000000c3b88      0x331 ../libs\libarm_cortexM4lf_math.a(arm_common_tables.o)
                                        0x704 (size before relaxing)
 .debug_str     0x00000000000c3eb9       0x43 ../libs\libarm_cortexM4lf_math.a(arm_cfft_radix8_f32.o)
                                        0x256 (size before relaxing)

.comment        0x0000000000000000       0xeb
 .comment       0x0000000000000000       0x7b Drivers/STM32F4xx_HAL_Driver/Src/stm32f4xx_hal.o
                                         0x7c (size before relaxing)
 .comment       0x000000000000007b       0x7c Drivers/STM32F4xx_HAL_Driver/Src/stm32f4xx_hal_cortex.o
 .comment       0x000000000000007b       0x7c Drivers/STM32F4xx_HAL_Driver/Src/stm32f4xx_hal_dma.o
 .comment       0x000000000000007b       0x7c Drivers/STM32F4xx_HAL_Driver/Src/stm32f4xx_hal_gpio.o
 .comment       0x000000000000007b       0x7c Drivers/STM32F4xx_HAL_Driver/Src/stm32f4xx_hal_i2s.o
 .comment       0x000000000000007b       0x7c Drivers/STM32F4xx_HAL_Driver/Src/stm32f4xx_hal_i2s_ex.o
 .comment       0x000000000000007b       0x7c Drivers/STM32F4xx_HAL_Driver/Src/stm32f4xx_hal_rcc.o
 .comment       0x000000000000007b       0x7c Drivers/STM32F4xx_HAL_Driver/Src/stm32f4xx_hal_rcc_ex.o
 .comment       0x000000000000007b       0x7c Drivers/STM32F4xx_HAL_Driver/Src/stm32f4xx_hal_uart.o
 .comment       0x000000000000007b       0x7c Src/main.o
 .comment       0x000000000000007b       0x7c Src/stm32f4xx_hal_msp.o
 .comment       0x000000000000007b       0x7c Src/stm32f4xx_it.o
 .comment       0x000000000000007b       0x7c Src/system_stm32f4xx.o
 .comment       0x000000000000007b       0x70 ../libs\libarm_cortexM4lf_math.a(arm_rfft_fast_init_f32.o)
                                         0x71 (size before relaxing)
 .comment       0x00000000000000eb       0x71 ../libs\libarm_cortexM4lf_math.a(arm_rfft_fast_f32.o)
 .comment       0x00000000000000eb       0x71 ../libs\libarm_cortexM4lf_math.a(arm_cfft_f32.o)
 .comment       0x00000000000000eb       0x71 ../libs\libarm_cortexM4lf_math.a(arm_common_tables.o)
 .comment       0x00000000000000eb       0x71 ../libs\libarm_cortexM4lf_math.a(arm_cfft_radix8_f32.o)

.debug_frame    0x0000000000000000     0x270c
 .debug_frame   0x0000000000000000      0x374 Drivers/STM32F4xx_HAL_Driver/Src/stm32f4xx_hal.o
 .debug_frame   0x0000000000000374      0x498 Drivers/STM32F4xx_HAL_Driver/Src/stm32f4xx_hal_cortex.o
 .debug_frame   0x000000000000080c      0x250 Drivers/STM32F4xx_HAL_Driver/Src/stm32f4xx_hal_dma.o
 .debug_frame   0x0000000000000a5c      0x14c Drivers/STM32F4xx_HAL_Driver/Src/stm32f4xx_hal_gpio.o
 .debug_frame   0x0000000000000ba8      0x484 Drivers/STM32F4xx_HAL_Driver/Src/stm32f4xx_hal_i2s.o
 .debug_frame   0x000000000000102c      0x220 Drivers/STM32F4xx_HAL_Driver/Src/stm32f4xx_hal_i2s_ex.o
 .debug_frame   0x000000000000124c      0x1f0 Drivers/STM32F4xx_HAL_Driver/Src/stm32f4xx_hal_rcc.o
 .debug_frame   0x000000000000143c       0xf0 Drivers/STM32F4xx_HAL_Driver/Src/stm32f4xx_hal_rcc_ex.o
 .debug_frame   0x000000000000152c      0x844 Drivers/STM32F4xx_HAL_Driver/Src/stm32f4xx_hal_uart.o
 .debug_frame   0x0000000000001d70      0x1c0 Src/main.o
 .debug_frame   0x0000000000001f30       0xc4 Src/stm32f4xx_hal_msp.o
 .debug_frame   0x0000000000001ff4      0x160 Src/stm32f4xx_it.o
 .debug_frame   0x0000000000002154       0x58 Src/system_stm32f4xx.o
 .debug_frame   0x00000000000021ac       0x34 ../libs\libarm_cortexM4lf_math.a(arm_rfft_fast_init_f32.o)
 .debug_frame   0x00000000000021e0       0x74 ../libs\libarm_cortexM4lf_math.a(arm_rfft_fast_f32.o)
 .debug_frame   0x0000000000002254       0xfc ../libs\libarm_cortexM4lf_math.a(arm_cfft_f32.o)
 .debug_frame   0x0000000000002350       0x94 ../libs\libarm_cortexM4lf_math.a(arm_cfft_radix8_f32.o)
 .debug_frame   0x00000000000023e4       0x20 c:/program files/st/stm32cubeide_1.3.0/stm32cubeide/plugins/com.st.stm32cube.ide.mcu.externaltools.gnu-tools-for-stm32.7-2018-q2-update.win32_1.0.0.201904181610/tools/bin/../lib/gcc/arm-none-eabi/7.3.1/../../../../arm-none-eabi/lib/thumb/v7e-m/fpv4-sp/hard\libc_nano.a(lib_a-errno.o)
 .debug_frame   0x0000000000002404       0x2c c:/program files/st/stm32cubeide_1.3.0/stm32cubeide/plugins/com.st.stm32cube.ide.mcu.externaltools.gnu-tools-for-stm32.7-2018-q2-update.win32_1.0.0.201904181610/tools/bin/../lib/gcc/arm-none-eabi/7.3.1/../../../../arm-none-eabi/lib/thumb/v7e-m/fpv4-sp/hard\libc_nano.a(lib_a-init.o)
 .debug_frame   0x0000000000002430       0x20 c:/program files/st/stm32cubeide_1.3.0/stm32cubeide/plugins/com.st.stm32cube.ide.mcu.externaltools.gnu-tools-for-stm32.7-2018-q2-update.win32_1.0.0.201904181610/tools/bin/../lib/gcc/arm-none-eabi/7.3.1/../../../../arm-none-eabi/lib/thumb/v7e-m/fpv4-sp/hard\libc_nano.a(lib_a-memset.o)
 .debug_frame   0x0000000000002450       0x40 c:/program files/st/stm32cubeide_1.3.0/stm32cubeide/plugins/com.st.stm32cube.ide.mcu.externaltools.gnu-tools-for-stm32.7-2018-q2-update.win32_1.0.0.201904181610/tools/bin/../lib/gcc/arm-none-eabi/7.3.1/../../../../arm-none-eabi/lib/thumb/v7e-m/fpv4-sp/hard\libm.a(lib_a-wf_log10.o)
 .debug_frame   0x0000000000002490       0x40 c:/program files/st/stm32cubeide_1.3.0/stm32cubeide/plugins/com.st.stm32cube.ide.mcu.externaltools.gnu-tools-for-stm32.7-2018-q2-update.win32_1.0.0.201904181610/tools/bin/../lib/gcc/arm-none-eabi/7.3.1/../../../../arm-none-eabi/lib/thumb/v7e-m/fpv4-sp/hard\libm.a(lib_a-wf_sqrt.o)
 .debug_frame   0x00000000000024d0       0x3c c:/program files/st/stm32cubeide_1.3.0/stm32cubeide/plugins/com.st.stm32cube.ide.mcu.externaltools.gnu-tools-for-stm32.7-2018-q2-update.win32_1.0.0.201904181610/tools/bin/../lib/gcc/arm-none-eabi/7.3.1/../../../../arm-none-eabi/lib/thumb/v7e-m/fpv4-sp/hard\libm.a(lib_a-ef_log10.o)
 .debug_frame   0x000000000000250c       0x20 c:/program files/st/stm32cubeide_1.3.0/stm32cubeide/plugins/com.st.stm32cube.ide.mcu.externaltools.gnu-tools-for-stm32.7-2018-q2-update.win32_1.0.0.201904181610/tools/bin/../lib/gcc/arm-none-eabi/7.3.1/../../../../arm-none-eabi/lib/thumb/v7e-m/fpv4-sp/hard\libm.a(lib_a-ef_sqrt.o)
 .debug_frame   0x000000000000252c       0x20 c:/program files/st/stm32cubeide_1.3.0/stm32cubeide/plugins/com.st.stm32cube.ide.mcu.externaltools.gnu-tools-for-stm32.7-2018-q2-update.win32_1.0.0.201904181610/tools/bin/../lib/gcc/arm-none-eabi/7.3.1/../../../../arm-none-eabi/lib/thumb/v7e-m/fpv4-sp/hard\libm.a(lib_a-s_matherr.o)
 .debug_frame   0x000000000000254c       0x20 c:/program files/st/stm32cubeide_1.3.0/stm32cubeide/plugins/com.st.stm32cube.ide.mcu.externaltools.gnu-tools-for-stm32.7-2018-q2-update.win32_1.0.0.201904181610/tools/bin/../lib/gcc/arm-none-eabi/7.3.1/../../../../arm-none-eabi/lib/thumb/v7e-m/fpv4-sp/hard\libm.a(lib_a-s_nan.o)
 .debug_frame   0x000000000000256c       0x20 c:/program files/st/stm32cubeide_1.3.0/stm32cubeide/plugins/com.st.stm32cube.ide.mcu.externaltools.gnu-tools-for-stm32.7-2018-q2-update.win32_1.0.0.201904181610/tools/bin/../lib/gcc/arm-none-eabi/7.3.1/../../../../arm-none-eabi/lib/thumb/v7e-m/fpv4-sp/hard\libm.a(lib_a-ef_log.o)
 .debug_frame   0x000000000000258c       0xac c:/program files/st/stm32cubeide_1.3.0/stm32cubeide/plugins/com.st.stm32cube.ide.mcu.externaltools.gnu-tools-for-stm32.7-2018-q2-update.win32_1.0.0.201904181610/tools/bin/../lib/gcc/arm-none-eabi/7.3.1/thumb/v7e-m/fpv4-sp/hard\libgcc.a(_arm_addsubdf3.o)
 .debug_frame   0x0000000000002638       0x50 c:/program files/st/stm32cubeide_1.3.0/stm32cubeide/plugins/com.st.stm32cube.ide.mcu.externaltools.gnu-tools-for-stm32.7-2018-q2-update.win32_1.0.0.201904181610/tools/bin/../lib/gcc/arm-none-eabi/7.3.1/thumb/v7e-m/fpv4-sp/hard\libgcc.a(_arm_muldivdf3.o)
 .debug_frame   0x0000000000002688       0x24 c:/program files/st/stm32cubeide_1.3.0/stm32cubeide/plugins/com.st.stm32cube.ide.mcu.externaltools.gnu-tools-for-stm32.7-2018-q2-update.win32_1.0.0.201904181610/tools/bin/../lib/gcc/arm-none-eabi/7.3.1/thumb/v7e-m/fpv4-sp/hard\libgcc.a(_arm_truncdfsf2.o)
 .debug_frame   0x00000000000026ac       0x2c c:/program files/st/stm32cubeide_1.3.0/stm32cubeide/plugins/com.st.stm32cube.ide.mcu.externaltools.gnu-tools-for-stm32.7-2018-q2-update.win32_1.0.0.201904181610/tools/bin/../lib/gcc/arm-none-eabi/7.3.1/thumb/v7e-m/fpv4-sp/hard\libgcc.a(_aeabi_uldivmod.o)
 .debug_frame   0x00000000000026d8       0x34 c:/program files/st/stm32cubeide_1.3.0/stm32cubeide/plugins/com.st.stm32cube.ide.mcu.externaltools.gnu-tools-for-stm32.7-2018-q2-update.win32_1.0.0.201904181610/tools/bin/../lib/gcc/arm-none-eabi/7.3.1/thumb/v7e-m/fpv4-sp/hard\libgcc.a(_udivmoddi4.o)

.debug_loc      0x0000000000000000     0x2a79
 .debug_loc     0x0000000000000000      0x1a6 ../libs\libarm_cortexM4lf_math.a(arm_rfft_fast_init_f32.o)
 .debug_loc     0x00000000000001a6      0xf1a ../libs\libarm_cortexM4lf_math.a(arm_rfft_fast_f32.o)
 .debug_loc     0x00000000000010c0     0x1053 ../libs\libarm_cortexM4lf_math.a(arm_cfft_f32.o)
 .debug_loc     0x0000000000002113      0x966 ../libs\libarm_cortexM4lf_math.a(arm_cfft_radix8_f32.o)
